   Compiling pumas-app-manager v0.7.0 (/tmp/pumas-q2-catalog-owner-92e4/rust/crates/pumas-app-manager)
    Finished `test` profile [unoptimized] target(s) in 27.63s
     Running unittests src/lib.rs (/tmp/pumas-uv-offline-build/target/debug/deps/pumas_app_manager-a6c29384ac95defc)

running 50 tests
test version_manager::installer::torch::torch_catalog_owner::tests::abandoned_inspector_retains_child_stage_and_using_until_drain ... catalog control AbandonInspector: requests=5 complete=false installed=false cleanup_drained=true
ok
test version_manager::installer::torch::torch_catalog_owner::tests::changed_held_wheel_after_inspection_refuses_complete ... catalog control ChangedWheelAfterInspection: requests=5 complete=false installed=false cleanup_drained=true
ok
test version_manager::installer::torch::torch_catalog_owner::tests::changed_original_payload_never_publishes_snapshot ... catalog control ChangedBody: requests=1 complete=false installed=false cleanup_drained=true
ok
test version_manager::installer::torch::torch_catalog_owner::tests::changed_owned_target_refuses_before_any_payload ... catalog control ChangedTarget: requests=0 complete=false installed=false cleanup_drained=true
ok
test version_manager::installer::torch::torch_catalog_owner::tests::changed_selected_executable_after_inspection_refuses_complete ... catalog control ChangedExecutableAfterInspection: requests=5 complete=false installed=false cleanup_drained=true
ok
test version_manager::installer::torch::torch_catalog_owner::tests::complete_alternative_catalog_uses_shared_payloads_and_snapshot_receipt ... catalog control Success: requests=5 complete=true installed=false cleanup_drained=true
ok
test version_manager::installer::torch::torch_catalog_owner::tests::failed_second_repository_never_acquires_or_completes ... catalog control FailedPage: requests=0 complete=false installed=false cleanup_drained=true
ok
test version_manager::installer::torch::torch_catalog_owner::tests::index_size_conflicting_with_body_refuses_complete ... catalog control WrongSize: requests=1 complete=false installed=false cleanup_drained=true
ok
test version_manager::installer::torch::torch_catalog_owner::tests::missing_dependency_coverage_retains_using_and_refuses_cold_replay ... catalog control MissingDependency: requests=3 complete=false installed=false cleanup_drained=true
ok
test version_manager::installer::torch::torch_catalog_owner::tests::payload_redirect_cannot_extend_catalog_authority ... catalog control Redirect: requests=1 complete=false installed=false cleanup_drained=true
ok
test version_manager::installer::torch::torch_catalog_owner::tests::unknown_size_refuses_before_any_payload ... catalog control MissingSize: requests=0 complete=false installed=false cleanup_drained=true
ok
test version_manager::installer::torch::torch_upstream_contract_tests::cancel_after_publication_begins_is_rejected ... ok
test version_manager::installer::torch::torch_upstream_contract_tests::concurrent_direct_install_rejection_does_not_disrupt_active_torch_attempt ... ok
test version_manager::installer::torch::torch_upstream_contract_tests::direct_installer_preserves_existing_upstream_directory ... ok
test version_manager::installer::torch::torch_upstream_contract_tests::embedded_sidecar_and_lock_materialize_outside_the_checkout ... ok
test version_manager::installer::torch::torch_upstream_contract_tests::manager_filters_upstream_releases_and_preserves_legacy_runtime_state ... ok
test version_manager::installer::torch::torch_upstream_contract_tests::official_release_metadata_does_not_need_pumas_bundle_assets ... ok
test version_manager::installer::torch::torch_upstream_contract_tests::unverified_release_installs_without_becoming_active_or_default ... ok
test version_manager::installer::torch::torch_upstream_contract_tests::v291_resolves_only_to_its_immutable_independent_recipe ... ok
test version_manager::installer::torch::torch_wheel_handoff_tests::accepted_packet_preserves_venv_identity_and_refuses_changed_evidence ... ok
test version_manager::installer::torch::torch_wheel_handoff_tests::accepted_target_packet_refuses_mismatch_missing_context_and_late_downgrade ... ok
test version_manager::installer::torch::torch_wheel_handoff_tests::automatic_candidate_loop_propagates_inconclusive_or_validation_errors ... ok
test version_manager::installer::torch::torch_wheel_handoff_tests::automatic_candidate_loop_stops_at_first_accepted_packet ... ok
test version_manager::installer::torch::torch_wheel_handoff_tests::embedded_qualified_runtime_contains_public_tooling_and_single_record_owner ... ok
test version_manager::installer::torch::torch_wheel_handoff_tests::qualified_changed_producer_probe_refuses_publication_and_receipt ... ok
test version_manager::installer::torch::torch_wheel_handoff_tests::qualified_changed_producer_refuses_before_acquisition ... ok
test version_manager::installer::torch::torch_wheel_handoff_tests::qualified_changed_producer_refuses_before_consumption ... ok
test version_manager::installer::torch::torch_wheel_handoff_tests::qualified_changed_selected_consumer_probe_refuses_publication_and_receipt ... Executable-only probe control: result_success=false adopted=false receipt=false installed=false output=false cleanup_drained=true
ok
test version_manager::installer::torch::torch_wheel_handoff_tests::qualified_changed_selected_consumer_refuses_without_changing_provider ... ok
test version_manager::installer::torch::torch_wheel_handoff_tests::qualified_owned_producer_finite_catalog_shared_consumer_receipt ... ok
test version_manager::installer::torch::torch_wheel_handoff_tests::qualified_recipe_catalog_preserves_complete_pins_and_selected_direct_identity ... ok
test version_manager::installer::torch::torch_wheel_handoff_tests::target_observation_projection_matches_python_unicode_fixture ... ok
test version_manager::installer::torch::torch_wheel_handoff_tests::verified_target_wheels_changed_approval_retains_custody_without_receipt ... ok
test version_manager::installer::torch::torch_wheel_handoff_tests::verified_target_wheels_mismatch_refuses_before_local_stage ... ok
test version_manager::installer::torch::torch_wheel_handoff_tests::verified_target_wheels_missing_context_refuses_before_local_stage ... ok
test version_manager::installer::torch::torch_wheel_handoff_tests::verified_target_wheels_unsupported_context_refuses_before_local_stage ... ok
test version_manager::installer::torch::torch_wheel_handoff_tests::verified_target_wheels_valid_handoff_binds_receipt_and_settles ... ok
test version_manager::installer::torch::torch_wheel_handoff_tests::verified_wheels_abandoned_waiter_holds_inputs_through_child_cleanup ... ok
test version_manager::installer::torch::torch_wheel_handoff_tests::verified_wheels_cancel_child_retains_composite_custody_until_cleanup ... ok
test version_manager::installer::torch::torch_wheel_handoff_tests::verified_wheels_changed_bytes_never_start_local_installation ... ok
test version_manager::installer::torch::torch_wheel_handoff_tests::verified_wheels_failed_publication_retains_inputs_and_cold_output ... ok
test version_manager::installer::torch::torch_wheel_handoff_tests::verified_wheels_install_then_publish_and_settle_exact_receipt ... ok
test version_manager::installer::torch::torch_wheel_handoff_tests::verified_wheels_missing_dependency_refuses_publication ... ok
test version_manager::installer::torch::torch_wheel_handoff_tests::verified_wheels_preserve_existing_qualified_nunchaku_source_and_digest ... ok
test version_manager::installer::torch::torch_wheel_handoff_tests::verified_wheels_probe_member_mutation_refuses_publication ... ok
test version_manager::installer::torch::torch_wheel_handoff_tests::verified_wheels_probe_package_ancestor_escape_refuses_publication ... ok
test version_manager::installer::torch::torch_wheel_handoff_tests::verified_wheels_probe_proof_ancestor_escape_refuses_publication ... ok
test version_manager::installer::torch::torch_wheel_handoff_tests::verified_wheels_probe_proof_mutation_refuses_publication ... ok
test version_manager::installer::torch::torch_wheel_handoff_tests::verified_wheels_probe_provenance_mutation_refuses_publication ... ok
test version_manager::installer::torch::torch_wheel_handoff_tests::verified_wheels_published_without_ack_refuses_cold_replay ... ok

test result: ok. 50 passed; 0 failed; 0 ignored; 0 measured; 281 filtered out; finished in 111.41s

