{"case": "multi-extras-linux", "failed": [], "status": "selected"}
{"case": "multi-extras-windows", "failed": [], "status": "selected"}
{"case": "approved-redirect", "failed": [], "status": "selected"}
{"case": "denied-redirect", "failed": [], "status": "acquisition_or_inspection_refused"}
{"case": "missing-candidate", "failed": [], "status": "preflight_refused"}
{"case": "undeclared-completeness", "failed": [], "status": "preflight_refused"}
{"case": "source-url", "failed": [], "status": "preflight_refused"}
{"case": "vcs-url", "failed": [], "status": "preflight_refused"}
{"case": "inactive-url", "failed": [], "status": "preflight_refused"}
{"case": "unselected-candidate-url", "failed": [], "status": "preflight_refused"}
{"case": "root-vcs", "failed": [], "status": "preflight_refused"}
{"case": "root-option", "failed": [], "status": "preflight_refused"}
{"case": "source-substitution", "failed": [], "status": "acquisition_or_inspection_refused"}
{"case": "actual-metadata-mismatch", "failed": [], "status": "preflight_refused"}
{"case": "actual-wheel-tags-mismatch", "failed": [], "status": "preflight_refused"}
{"case": "python-and-tags", "failed": [], "status": "selected"}
{"case": "bounded-unsatisfiable", "failed": [], "status": "solver_or_mapping_refused"}
{"case": "unclassified-operational-error", "failed": [], "status": "solver_or_mapping_refused"}
{"case": "ambiguous-compatible-files", "failed": [], "status": "solver_or_mapping_refused"}
{"case": "unapproved-initial-source", "failed": [], "status": "owner_source_refused"}
{"case": "ambient-config-env-python", "failed": [], "status": "selected"}
{"case": "primed-cache-source-substitution", "failed": [], "status": "selected"}
{"case": "primed-cache-missing-candidate", "failed": [], "status": "preflight_refused"}
