    Checking libc v0.2.180
    Checking cfg-if v1.0.4
    Checking once_cell v1.21.3
    Checking bitflags v2.10.0
    Checking pin-project-lite v0.2.16
    Checking memchr v2.7.6
    Checking futures-core v0.3.31
    Checking smallvec v1.15.1
    Checking zerofrom v0.1.6
    Checking stable_deref_trait v1.2.1
    Checking yoke v0.8.1
    Checking zerocopy v0.8.33
    Checking log v0.4.29
    Checking futures-sink v0.3.31
    Checking bytes v1.11.1
    Checking zerovec v0.11.5
    Checking mio v1.1.1
    Checking errno v0.3.14
    Checking itoa v1.0.17
    Checking slab v0.4.11
    Checking signal-hook-registry v1.4.8
    Checking crossbeam-utils v0.8.21
    Checking futures-channel v0.3.31
    Checking socket2 v0.6.1
    Checking pin-utils v0.1.0
    Checking futures-io v0.3.31
    Checking futures-task v0.3.31
    Checking tokio v1.49.0
    Checking futures-util v0.3.31
    Checking http v1.4.0
    Checking tinystr v0.8.2
    Checking litemap v0.8.1
    Checking writeable v0.6.2
    Checking linux-raw-sys v0.11.0
    Checking rustix v1.1.3
    Checking icu_locale_core v2.1.1
    Checking ahash v0.8.12
    Checking potential_utf v0.1.4
    Checking zerotrie v0.2.3
    Checking hashbrown v0.16.1
    Checking scopeguard v1.2.0
    Checking equivalent v1.0.2
    Checking indexmap v2.13.0
    Checking lock_api v0.4.14
    Checking icu_provider v2.1.1
    Checking icu_collections v2.1.1
    Checking hashbrown v0.14.5
    Checking http-body v1.0.1
    Checking tracing-core v0.1.36
    Checking percent-encoding v2.3.2
    Checking foreign-types-shared v0.1.1
    Checking foreign-types v0.3.2
    Checking tracing v0.1.44
    Checking parking_lot_core v0.9.12
    Checking icu_normalizer_data v2.1.1
    Checking serde_core v1.0.228
    Checking icu_properties_data v2.1.2
    Checking typenum v1.19.0
    Checking getrandom v0.3.4
    Checking tokio-util v0.7.18
    Checking openssl-sys v0.9.111
    Checking ppv-lite86 v0.2.21
    Checking ipnet v2.11.0
    Checking atomic-waker v1.1.2
    Checking try-lock v0.2.5
    Checking fnv v1.0.7
    Checking tower-service v0.3.3
    Checking h2 v0.4.16
    Checking want v0.3.1
    Checking openssl v0.10.75
    Checking generic-array v0.14.7
    Checking icu_properties v2.1.2
    Checking icu_normalizer v2.1.1
    Checking crossbeam-epoch v0.9.20
    Checking httparse v1.10.1
    Checking getrandom v0.2.17
    Checking openssl-probe v0.1.6
    Checking hyper v1.8.1
    Checking native-tls v0.2.14
    Checking serde v1.0.228
    Checking rand_core v0.6.4
    Checking idna_adapter v1.2.1
    Checking crossbeam-deque v0.8.6
    Checking io-lifetimes v3.0.1
    Checking io-lifetimes v2.0.4
    Checking zstd-sys v2.0.16+zstd.1.5.7
    Checking form_urlencoded v1.2.2
    Checking sync_wrapper v1.0.2
    Checking simd-adler32 v0.3.8
    Checking tower-layer v0.3.3
    Checking base64 v0.22.1
    Checking utf8_iter v1.0.4
    Checking adler2 v2.0.1
    Checking hyper-util v0.1.19
    Checking miniz_oxide v0.8.9
    Checking idna v1.1.0
    Checking tower v0.5.3
    Checking zstd-safe v7.2.4
    Checking fs-set-times v0.20.3
    Checking io-extras v0.19.0
    Checking rayon-core v1.13.0
    Checking rand_chacha v0.3.1
    Checking crc32fast v1.5.0
    Checking tokio-native-tls v0.3.1
    Checking zmij v1.0.16
    Checking block-buffer v0.10.4
    Checking crypto-common v0.1.7
    Checking rand_core v0.9.5
    Checking http-body-util v0.1.3
    Checking rustix-linux-procfs v0.1.1
    Checking inotify-sys v0.1.5
    Checking filetime v0.2.27
    Checking aho-corasick v1.1.4
    Checking raw-cpuid v11.6.0
    Checking instant v0.1.13
    Checking zeroize v1.8.2
    Checking cpufeatures v0.2.17
    Checking same-file v1.0.6
    Checking regex-syntax v0.8.8
    Checking ryu v1.0.22
    Checking maybe-owned v0.3.4
    Checking either v1.15.0
    Checking option-ext v0.2.0
    Checking ambient-authority v0.0.2
    Checking iri-string v0.7.10
    Checking crc-catalog v2.4.0
    Checking tinyvec_macros v0.1.1
    Checking bitflags v1.3.2
    Checking inotify v0.10.2
    Checking tinyvec v1.13.2
    Checking tower-http v0.6.8
    Checking crc v3.4.0
    Checking regex-automata v0.4.13
    Checking cap-primitives v4.0.3
    Checking dirs-sys v0.4.1
    Checking rayon v1.11.0
    Checking serde_urlencoded v0.7.1
    Checking quanta v0.12.6
    Checking walkdir v2.5.0
    Checking rustls-pki-types v1.14.0
    Checking thiserror v2.0.18
    Checking notify-types v1.0.1
    Checking hyper-tls v0.6.0
    Checking rand_chacha v0.9.0
    Checking digest v0.10.7
    Checking serde_json v1.0.149
    Checking flate2 v1.1.8
    Checking num-traits v0.2.19
    Checking rand v0.8.6
    Checking zstd v0.13.3
    Checking nix v0.30.1
    Checking libsqlite3-sys v0.30.1
    Checking lzma-sys v0.1.20
    Checking bzip2-sys v0.1.13+1.0.8
    Checking portable-atomic v1.13.0
    Checking url v2.5.8
    Checking dashmap v6.1.0
    Checking dashmap v5.5.3
    Checking parking_lot v0.12.5
    Checking hashlink v0.9.1
    Checking spinning_top v0.3.0
    Checking xattr v1.6.1
    Checking futures-executor v0.3.31
    Checking crossbeam-channel v0.5.15
    Checking encoding_rs v0.8.35
    Checking byteorder v1.5.0
    Checking mime v0.3.17
    Checking futures-timer v3.0.3
    Checking tagptr v0.2.0
    Checking no-std-compat v0.4.1
    Checking fastrand v2.3.0
    Checking triomphe v0.1.15
    Checking constant_time_eq v0.4.2
    Checking fallible-iterator v0.3.0
    Checking nonzero_ext v0.3.0
    Checking arrayvec v0.7.6
    Checking iana-time-zone v0.1.64
    Checking arrayref v0.3.9
    Checking fallible-streaming-iterator v0.1.9
    Checking blake3 v1.8.3
    Checking rusqlite v0.32.1
    Checking chrono v0.4.43
    Checking governor v0.7.0
    Checking mini-moka v0.10.3
    Checking tempfile v3.24.0
    Checking reqwest v0.12.28
    Checking lzma-rs v0.3.0
    Checking futures v0.3.31
    Checking tar v0.4.45
    Checking ctrlc v3.5.1
    Checking bzip2 v0.5.2
    Checking xz2 v0.1.7
    Checking sysinfo v0.32.1
    Checking sha2 v0.10.9
    Checking rand v0.9.3
    Checking nix v0.29.0
    Checking notify v7.0.0
    Checking cap-std v4.0.3
    Checking anyhow v1.0.103
    Checking regex v1.12.2
    Checking dirs v5.0.1
    Checking unicode-normalization v0.1.25
    Checking uuid v1.19.0
    Checking fs2 v0.4.3
    Checking hex v0.4.3
    Checking deflate64 v0.1.10
    Checking semver v1.0.27
    Checking urlencoding v2.1.3
    Checking zip v2.4.2
    Checking pumas-library v0.7.0 (/workspace/Pumas-Library/rust/crates/pumas-core)
    Checking pumas-app-manager v0.7.0 (/workspace/Pumas-Library/rust/crates/pumas-app-manager)
    Finished `dev` profile [unoptimized] target(s) in 1m 23s
