WARNING: The directory '/home/agent/.cache/pip' or its parent directory is not owned or is not writable by the current user. The cache has been disabled. Check the permissions and owner of that directory. If executing pip with sudo, you should use sudo's -H flag.
Collecting ruff==0.15.2 (from -r torch-server/requirements-dev.txt (line 1))
  Downloading ruff-0.15.2-py3-none-manylinux_2_17_x86_64.manylinux2014_x86_64.whl.metadata (26 kB)
Collecting pydantic<3,>=2.0 (from -r torch-server/requirements-dev.txt (line 2))
  Downloading pydantic-2.13.5-py3-none-any.whl.metadata (110 kB)
Collecting numpy==2.3.5 (from -r torch-server/requirements-dev.txt (line 3))
  Downloading numpy-2.3.5-cp312-cp312-manylinux_2_27_x86_64.manylinux_2_28_x86_64.whl.metadata (62 kB)
Collecting fastapi==0.128.0 (from -r torch-server/requirements-dev.txt (line 5))
  Downloading fastapi-0.128.0-py3-none-any.whl.metadata (30 kB)
Collecting uvicorn==0.40.0 (from -r torch-server/requirements-dev.txt (line 6))
  Downloading uvicorn-0.40.0-py3-none-any.whl.metadata (6.7 kB)
Collecting psutil==7.2.1 (from -r torch-server/requirements-dev.txt (line 7))
  Downloading psutil-7.2.1-cp36-abi3-manylinux2010_x86_64.manylinux_2_12_x86_64.manylinux_2_28_x86_64.whl.metadata (22 kB)
Collecting starlette<0.51.0,>=0.40.0 (from fastapi==0.128.0->-r torch-server/requirements-dev.txt (line 5))
  Downloading starlette-0.50.0-py3-none-any.whl.metadata (6.3 kB)
Collecting typing-extensions>=4.8.0 (from fastapi==0.128.0->-r torch-server/requirements-dev.txt (line 5))
  Downloading typing_extensions-4.16.0-py3-none-any.whl.metadata (3.3 kB)
Collecting annotated-doc>=0.0.2 (from fastapi==0.128.0->-r torch-server/requirements-dev.txt (line 5))
  Downloading annotated_doc-0.0.5-py3-none-any.whl.metadata (6.5 kB)
Collecting click>=7.0 (from uvicorn==0.40.0->-r torch-server/requirements-dev.txt (line 6))
  Downloading click-8.5.0-py3-none-any.whl.metadata (2.6 kB)
Collecting h11>=0.8 (from uvicorn==0.40.0->-r torch-server/requirements-dev.txt (line 6))
  Downloading h11-0.16.0-py3-none-any.whl.metadata (8.3 kB)
Collecting annotated-types>=0.6.0 (from pydantic<3,>=2.0->-r torch-server/requirements-dev.txt (line 2))
  Downloading annotated_types-0.8.0-py3-none-any.whl.metadata (15 kB)
Collecting pydantic-core==2.46.5 (from pydantic<3,>=2.0->-r torch-server/requirements-dev.txt (line 2))
  Downloading pydantic_core-2.46.5-cp312-cp312-manylinux_2_17_x86_64.manylinux2014_x86_64.whl.metadata (6.6 kB)
Collecting typing-inspection>=0.4.2 (from pydantic<3,>=2.0->-r torch-server/requirements-dev.txt (line 2))
  Downloading typing_inspection-0.4.4-py3-none-any.whl.metadata (2.6 kB)
Collecting anyio<5,>=3.6.2 (from starlette<0.51.0,>=0.40.0->fastapi==0.128.0->-r torch-server/requirements-dev.txt (line 5))
  Downloading anyio-4.15.1-py3-none-any.whl.metadata (4.7 kB)
Collecting idna>=2.8 (from anyio<5,>=3.6.2->starlette<0.51.0,>=0.40.0->fastapi==0.128.0->-r torch-server/requirements-dev.txt (line 5))
  Downloading idna-3.20-py3-none-any.whl.metadata (7.2 kB)
Downloading ruff-0.15.2-py3-none-manylinux_2_17_x86_64.manylinux2014_x86_64.whl (11.1 MB)
   ━━━━━━━━━━━━━━━━━━━━━━━━━━━━━━━━━━━━━━━━ 11.1/11.1 MB 34.7 MB/s  0:00:00
Downloading numpy-2.3.5-cp312-cp312-manylinux_2_27_x86_64.manylinux_2_28_x86_64.whl (16.6 MB)
   ━━━━━━━━━━━━━━━━━━━━━━━━━━━━━━━━━━━━━━━━ 16.6/16.6 MB 48.3 MB/s  0:00:00
Downloading fastapi-0.128.0-py3-none-any.whl (103 kB)
Downloading uvicorn-0.40.0-py3-none-any.whl (68 kB)
Downloading psutil-7.2.1-cp36-abi3-manylinux2010_x86_64.manylinux_2_12_x86_64.manylinux_2_28_x86_64.whl (154 kB)
Downloading pydantic-2.13.5-py3-none-any.whl (472 kB)
Downloading pydantic_core-2.46.5-cp312-cp312-manylinux_2_17_x86_64.manylinux2014_x86_64.whl (2.1 MB)
   ━━━━━━━━━━━━━━━━━━━━━━━━━━━━━━━━━━━━━━━━ 2.1/2.1 MB 39.8 MB/s  0:00:00
Downloading starlette-0.50.0-py3-none-any.whl (74 kB)
Downloading anyio-4.15.1-py3-none-any.whl (132 kB)
Downloading annotated_doc-0.0.5-py3-none-any.whl (5.3 kB)
Downloading annotated_types-0.8.0-py3-none-any.whl (13 kB)
Downloading click-8.5.0-py3-none-any.whl (125 kB)
Downloading h11-0.16.0-py3-none-any.whl (37 kB)
Downloading idna-3.20-py3-none-any.whl (69 kB)
Downloading typing_extensions-4.16.0-py3-none-any.whl (45 kB)
Downloading typing_inspection-0.4.4-py3-none-any.whl (14 kB)
Installing collected packages: typing-extensions, ruff, psutil, numpy, idna, h11, click, annotated-types, annotated-doc, uvicorn, typing-inspection, pydantic-core, anyio, starlette, pydantic, fastapi

Successfully installed annotated-doc-0.0.5 annotated-types-0.8.0 anyio-4.15.1 click-8.5.0 fastapi-0.128.0 h11-0.16.0 idna-3.20 numpy-2.3.5 psutil-7.2.1 pydantic-2.13.5 pydantic-core-2.46.5 ruff-0.15.2 starlette-0.50.0 typing-extensions-4.16.0 typing-inspection-0.4.4 uvicorn-0.40.0
