    Checking log v0.4.29
    Checking serde_core v1.0.228
    Checking mio v1.1.1
    Checking tokio v1.49.0
    Checking futures-io v0.3.31
    Checking tracing-core v0.1.36
    Checking serde v1.0.228
    Checking futures-util v0.3.31
    Checking tracing v0.1.44
    Checking tokio-util v0.7.18
   Compiling typenum v1.19.0
    Checking either v1.15.0
    Checking num-traits v0.2.19
    Checking zerocopy v0.8.33
    Checking num-integer v0.1.46
    Checking http v0.2.12
    Checking powerfmt v0.2.1
    Checking vsimd v0.8.0
    Checking outref v0.5.2
    Checking deranged v0.5.8
    Checking time-core v0.1.9
    Checking num-conv v0.2.2
    Checking base64-simd v0.8.0
    Checking http-body v0.4.6
    Checking bytes-utils v0.1.4
    Checking aws-smithy-async v1.2.14
    Checking time v0.3.55
   Compiling aws-smithy-runtime-api-macros v1.0.0
    Checking hybrid-array v0.4.10
    Checking allocator-api2 v0.2.21
   Compiling serde_json v1.0.149
    Checking foldhash v0.2.0
    Checking hashbrown v0.16.1
    Checking aws-smithy-types v1.5.0
    Checking cmov v0.5.4
    Checking ctutils v0.4.2
    Checking aws-smithy-runtime-api v1.12.3
    Checking crypto-common v0.2.2
    Checking block-buffer v0.12.1
    Checking const-oid v0.10.2
    Checking ahash v0.8.12
    Checking generic-array v0.14.7
    Checking digest v0.11.3
    Checking indexmap v2.13.0
    Checking minimal-lexical v0.2.1
    Checking nom v7.1.3
    Checking hashbrown v0.14.5
    Checking aws-smithy-eventstream v0.60.21
    Checking ppv-lite86 v0.2.21
    Checking cpufeatures v0.3.1
    Checking h2 v0.4.16
    Checking aws-smithy-http v0.63.6
    Checking block-buffer v0.10.4
    Checking crypto-common v0.1.7
    Checking aws-smithy-schema v0.1.0
   Compiling rustc_version v0.4.1
    Checking thiserror v1.0.69
    Checking camino v1.2.2
    Checking cargo-platform v0.1.9
    Checking semver v1.0.27
    Checking utf8parse v0.2.2
    Checking httpdate v1.0.3
    Checking regex-automata v0.4.13
    Checking hyper v1.8.1
    Checking anstyle-parse v0.2.7
    Checking cargo_metadata v0.15.4
   Compiling aws-types v1.3.16
    Checking digest v0.10.7
    Checking sha2 v0.11.0
    Checking aws-credential-types v1.2.14
    Checking fs-err v2.11.0
    Checking colorchoice v1.0.4
    Checking siphasher v0.3.11
    Checking anstyle-query v1.1.5
    Checking is_terminal_polyfill v1.70.2
    Checking static_assertions v1.1.0
    Checking anstyle v1.0.13
    Checking smawk v0.3.2
    Checking textwrap v0.16.2
    Checking anstream v0.6.21
    Checking uniffi_meta v0.28.3
    Checking native-tls v0.2.14
    Checking hyper-util v0.1.19
    Checking uniffi_testing v0.28.3
    Checking rayon v1.11.0
    Checking tower v0.5.3
    Checking weedle2 v5.0.0
    Checking hmac v0.13.0
    Checking aws-smithy-observability v0.2.6
    Checking scroll v0.12.0
    Checking rawpointer v0.2.1
    Checking strsim v0.11.1
    Checking clap_lex v0.7.7
    Checking askama_escape v0.10.3
   Compiling ref-cast v1.0.25
    Checking spin v0.10.1
    Checking plain v0.2.3
    Checking goblin v0.8.2
    Checking crc-fast v1.10.0
    Checking uniffi_udl v0.28.3
    Checking askama v0.12.1
    Checking clap_builder v4.5.54
    Checking matrixmultiply v0.3.10
    Checking rand_chacha v0.9.0
    Checking aws-smithy-runtime v1.11.3
    Checking aws-sigv4 v1.4.5
    Checking onig_sys v69.9.3
    Checking rand_chacha v0.3.1
    Checking tokio-native-tls v0.3.1
    Checking sha1 v0.11.0
    Checking serde_urlencoded v0.7.1
    Checking md-5 v0.11.0
    Checking castaway v0.2.4
    Checking num-complex v0.4.6
    Checking itertools v0.14.0
    Checking async-compat v0.2.5
    Checking toml v0.5.11
   Compiling ref-cast-impl v1.0.25
   Compiling serde_derive_internals v0.29.1
    Checking glob v0.3.3
    Checking base64 v0.13.1
    Checking heck v0.5.0
    Checking xmlparser v0.13.6
    Checking unicode-segmentation v1.13.2
   Compiling schemars_derive v1.2.0
    Checking spm_precompiled v0.1.4
    Checking aws-smithy-xml v0.60.15
    Checking uniffi_bindgen v0.28.3
    Checking macro_rules_attribute v0.2.2
    Checking tower-http v0.6.8
    Checking monostate v0.1.18
    Checking rayon-cond v0.4.0
    Checking uniffi_core v0.28.3
    Checking aws-runtime v1.7.5
    Checking ndarray v0.17.2
    Checking compact_str v0.9.0
    Checking aws-smithy-checksums v0.64.8
    Checking hyper-tls v0.6.0
    Checking rand v0.8.6
    Checking onig v6.5.3
    Checking derive_builder v0.20.2
    Checking clap v4.5.54
    Checking rand v0.9.3
    Checking ort-sys v2.0.0-rc.12
    Checking esaxx-rs v0.1.10
    Checking regex v1.12.2
    Checking aws-smithy-json v0.62.7
    Checking dashmap v5.5.3
    Checking dashmap v6.1.0
    Checking hashlink v0.9.1
    Checking arc-swap v1.9.2
    Checking lru v0.16.4
    Checking half v2.7.1
    Checking futures-executor v0.3.31
    Checking unicode-normalization-alignments v0.1.12
    Checking dary_heap v0.3.9
    Checking libloading v0.9.0
    Checking dyn-clone v1.0.20
    Checking regex-lite v0.1.9
    Checking daachorse v1.0.1
    Checking unicode_categories v0.1.1
    Checking governor v0.7.0
    Checking tokenizers v0.23.1
    Checking mini-moka v0.10.3
    Checking rusqlite v0.32.1
    Checking aws-sdk-s3 v1.137.0
    Checking chrono v0.4.43
    Checking schemars v1.2.0
    Checking reqwest v0.12.28
    Checking ort v2.0.0-rc.12
    Checking futures v0.3.31
    Checking uniffi v0.28.3
    Checking nix v0.29.0
    Checking notify v7.0.0
    Checking sha2 v0.10.9
    Checking sysinfo v0.32.1
    Checking roxmltree v0.21.1
    Checking lazy_static v1.5.0
    Checking sharded-slab v0.1.7
    Checking matchers v0.2.0
    Checking tracing-log v0.2.0
    Checking thread_local v1.1.9
    Checking nu-ansi-term v0.50.3
    Checking tracing-subscriber v0.3.22
    Checking pumas-library v0.7.0 (/workspace/Pumas-Library/rust/crates/pumas-core)
    Checking zip v2.4.2
   Compiling uniffi_build v0.28.3
   Compiling pumas-uniffi v0.7.0 (/workspace/Pumas-Library/rust/crates/pumas-uniffi)
    Checking axum-core v0.4.5
    Checking serde_path_to_error v0.1.20
    Checking matchit v0.7.3
    Checking axum v0.7.9
    Checking pumas-app-manager v0.7.0 (/workspace/Pumas-Library/rust/crates/pumas-app-manager)
    Checking pumas-rpc v0.7.0 (/workspace/Pumas-Library/rust/crates/pumas-rpc)
    Finished `dev` profile [unoptimized] target(s) in 2m 35s
