205280 read(13</tmp/.tmpmDg5bd/torch-versions/.torch-install-nbcTtM/runtime/offline-selection/projection.json>, "{\"candidates\":[{\"eligible\":true,", 32) = 32
205280 read(13</tmp/.tmpmDg5bd/torch-versions/.torch-install-nbcTtM/runtime/offline-selection/projection.json>, "\"filename\":\"torch-2.14.0+cpu-py3", 32) = 32
205280 read(13</tmp/.tmpmDg5bd/torch-versions/.torch-install-nbcTtM/runtime/offline-selection/projection.json>, "-none-any.whl\",\"id\":\"a4b98a79486"..., 64) = 64
205280 read(13</tmp/.tmpmDg5bd/torch-versions/.torch-install-nbcTtM/runtime/offline-selection/projection.json>, "9b48c8d4536bafde1f2da\",\"local\":\""..., 128) = 128
205280 read(13</tmp/.tmpmDg5bd/torch-versions/.torch-install-nbcTtM/runtime/offline-selection/projection.json>, "39b48c8d4536bafde1f2da/torch-2.1"..., 256) = 256
205280 read(13</tmp/.tmpmDg5bd/torch-versions/.torch-install-nbcTtM/runtime/offline-selection/projection.json>, "orch-2.14.0+cpu-py3-none-any.whl"..., 512) = 512
205280 read(13</tmp/.tmpmDg5bd/torch-versions/.torch-install-nbcTtM/runtime/offline-selection/projection.json>, ":\"https://files.pythonhosted.org"..., 1024) = 1024
205280 read(13</tmp/.tmpmDg5bd/torch-versions/.torch-install-nbcTtM/runtime/offline-selection/projection.json>, "61f1818da282a9a57301a73b2fef37d9"..., 2048) = 1863
205280 read(13</tmp/.tmpmDg5bd/torch-versions/.torch-install-nbcTtM/runtime/offline-selection/projection.json>, "", 185) = 0
205280 read(13</tmp/.tmpmDg5bd/torch-versions/.torch-install-nbcTtM/runtime/offline-selection/projection.json>, "{\"candidates\":[{\"eligible\":true,", 32) = 32
205280 read(13</tmp/.tmpmDg5bd/torch-versions/.torch-install-nbcTtM/runtime/offline-selection/projection.json>, "\"filename\":\"torch-2.14.0+cpu-py3", 32) = 32
205280 read(13</tmp/.tmpmDg5bd/torch-versions/.torch-install-nbcTtM/runtime/offline-selection/projection.json>, "-none-any.whl\",\"id\":\"a4b98a79486"..., 64) = 64
205280 read(13</tmp/.tmpmDg5bd/torch-versions/.torch-install-nbcTtM/runtime/offline-selection/projection.json>, "9b48c8d4536bafde1f2da\",\"local\":\""..., 128) = 128
205280 read(13</tmp/.tmpmDg5bd/torch-versions/.torch-install-nbcTtM/runtime/offline-selection/projection.json>, "39b48c8d4536bafde1f2da/torch-2.1"..., 256) = 256
205280 read(13</tmp/.tmpmDg5bd/torch-versions/.torch-install-nbcTtM/runtime/offline-selection/projection.json>, "orch-2.14.0+cpu-py3-none-any.whl"..., 512) = 512
205280 read(13</tmp/.tmpmDg5bd/torch-versions/.torch-install-nbcTtM/runtime/offline-selection/projection.json>, ":\"https://files.pythonhosted.org"..., 1024) = 1024
205280 read(13</tmp/.tmpmDg5bd/torch-versions/.torch-install-nbcTtM/runtime/offline-selection/projection.json>, "61f1818da282a9a57301a73b2fef37d9"..., 2048) = 1863
205280 read(13</tmp/.tmpmDg5bd/torch-versions/.torch-install-nbcTtM/runtime/offline-selection/projection.json>, "", 185) = 0
205298 read(4</tmp/.tmpmDg5bd/torch-versions/.torch-install-nbcTtM/runtime/offline-selection/projection.json>, "{\"candidates\":[{\"eligible\":true,"..., 2097152) = 3911
205298 read(4</tmp/.tmpmDg5bd/torch-versions/.torch-install-nbcTtM/runtime/offline-selection/projection.json>, "", 2093056) = 0
205280 read(13</tmp/.tmpmDg5bd/torch-versions/.torch-install-nbcTtM/runtime/offline-selection/projection.json>, "{\"candidates\":[{\"eligible\":true,"..., 33554432) = 33554432
205280 read(13</tmp/.tmpmDg5bd/torch-versions/.torch-install-nbcTtM/runtime/offline-selection/projection.json>, "", 32) = 0
205310 read(13</tmp/.tmp3RLRUN/torch-versions/.torch-install-tnUKzM/runtime/offline-selection/roots.in>, "torch==2.14.0+cpu\n", 32) = 18
205310 read(13</tmp/.tmp3RLRUN/torch-versions/.torch-install-tnUKzM/runtime/offline-selection/roots.in>, "", 32) = 0
205315 read(11</tmp/.tmp3RLRUN/torch-versions/.torch-install-tnUKzM/runtime/offline-selection/roots.in>, "torch==2.14.0+cpu\n", 32) = 18
205315 read(11</tmp/.tmp3RLRUN/torch-versions/.torch-install-tnUKzM/runtime/offline-selection/roots.in>, "", 32) = 0
205323 read(4</tmp/.tmp3RLRUN/torch-versions/.torch-install-tnUKzM/runtime/offline-selection/roots.in>, "torch==2.14.0+cpu\n", 2097152) = 18
205323 read(4</tmp/.tmp3RLRUN/torch-versions/.torch-install-tnUKzM/runtime/offline-selection/roots.in>, "", 2093056) = 0
205280 read(13</tmp/.tmp3RLRUN/torch-versions/.torch-install-tnUKzM/runtime/offline-selection/roots.in>, "torch==2.14.0+cpu\n\0\0\0\0\0\0\0\0\0\0\0\0\0\0"..., 33554432) = 33554432
205280 read(13</tmp/.tmp3RLRUN/torch-versions/.torch-install-tnUKzM/runtime/offline-selection/roots.in>, "", 32) = 0
205280 read(13</tmp/.tmpm0aX0m/torch-versions/.torch-install-rxLyvL/runtime/offline-selection/constraints.in>, "\n", 32) = 1
205280 read(13</tmp/.tmpm0aX0m/torch-versions/.torch-install-rxLyvL/runtime/offline-selection/constraints.in>, "", 7) = 0
205336 read(11</tmp/.tmpm0aX0m/torch-versions/.torch-install-rxLyvL/runtime/offline-selection/constraints.in>, "\n", 32) = 1
205336 read(11</tmp/.tmpm0aX0m/torch-versions/.torch-install-rxLyvL/runtime/offline-selection/constraints.in>, "", 32) = 0
205345 read(4</tmp/.tmpm0aX0m/torch-versions/.torch-install-rxLyvL/runtime/offline-selection/constraints.in>, "\n", 2097152) = 1
205345 read(4</tmp/.tmpm0aX0m/torch-versions/.torch-install-rxLyvL/runtime/offline-selection/constraints.in>, "", 2097152) = 0
205310 read(13</tmp/.tmpm0aX0m/torch-versions/.torch-install-rxLyvL/runtime/offline-selection/constraints.in>, "\n\0\0\0\0\0\0\0\0\0\0\0\0\0\0\0\0\0\0\0\0\0\0\0\0\0\0\0\0\0\0\0"..., 33554432) = 33554432
205310 read(13</tmp/.tmpm0aX0m/torch-versions/.torch-install-rxLyvL/runtime/offline-selection/constraints.in>, "", 32) = 0
205352 read(13</tmp/.tmpmEGCj6/torch-versions/.torch-install-7wxeFc/runtime/offline-selection/projection.json>, "{\"candidates\":[{\"eligible\":true,", 32) = 32
205352 read(13</tmp/.tmpmEGCj6/torch-versions/.torch-install-7wxeFc/runtime/offline-selection/projection.json>, "\"filename\":\"torch-2.14.0+cpu-py3", 32) = 32
205352 read(13</tmp/.tmpmEGCj6/torch-versions/.torch-install-7wxeFc/runtime/offline-selection/projection.json>, "-none-any.whl\",\"id\":\"7eff0df56a7"..., 64) = 64
205352 read(13</tmp/.tmpmEGCj6/torch-versions/.torch-install-7wxeFc/runtime/offline-selection/projection.json>, "d9e765880552c5fd593a8\",\"local\":\""..., 128) = 128
205352 read(13</tmp/.tmpmEGCj6/torch-versions/.torch-install-7wxeFc/runtime/offline-selection/projection.json>, "9d9e765880552c5fd593a8/torch-2.1"..., 256) = 256
205352 read(13</tmp/.tmpmEGCj6/torch-versions/.torch-install-7wxeFc/runtime/offline-selection/projection.json>, "orch-2.14.0+cpu-py3-none-any.whl"..., 512) = 512
205352 read(13</tmp/.tmpmEGCj6/torch-versions/.torch-install-7wxeFc/runtime/offline-selection/projection.json>, ":\"https://files.pythonhosted.org"..., 1024) = 1024
205352 read(13</tmp/.tmpmEGCj6/torch-versions/.torch-install-7wxeFc/runtime/offline-selection/projection.json>, "e8c826ea59f74ea96081d7553a084c4a"..., 2048) = 1863
205352 read(13</tmp/.tmpmEGCj6/torch-versions/.torch-install-7wxeFc/runtime/offline-selection/projection.json>, "", 185) = 0
205352 read(13</tmp/.tmpmEGCj6/torch-versions/.torch-install-7wxeFc/runtime/offline-selection/projection.json>, "{\"candidates\":[{\"eligible\":true,", 32) = 32
205352 read(13</tmp/.tmpmEGCj6/torch-versions/.torch-install-7wxeFc/runtime/offline-selection/projection.json>, "\"filename\":\"torch-2.14.0+cpu-py3", 32) = 32
205352 read(13</tmp/.tmpmEGCj6/torch-versions/.torch-install-7wxeFc/runtime/offline-selection/projection.json>, "-none-any.whl\",\"id\":\"7eff0df56a7"..., 64) = 64
205352 read(13</tmp/.tmpmEGCj6/torch-versions/.torch-install-7wxeFc/runtime/offline-selection/projection.json>, "d9e765880552c5fd593a8\",\"local\":\""..., 128) = 128
205352 read(13</tmp/.tmpmEGCj6/torch-versions/.torch-install-7wxeFc/runtime/offline-selection/projection.json>, "9d9e765880552c5fd593a8/torch-2.1"..., 256) = 256
205352 read(13</tmp/.tmpmEGCj6/torch-versions/.torch-install-7wxeFc/runtime/offline-selection/projection.json>, "orch-2.14.0+cpu-py3-none-any.whl"..., 512) = 512
205352 read(13</tmp/.tmpmEGCj6/torch-versions/.torch-install-7wxeFc/runtime/offline-selection/projection.json>, ":\"https://files.pythonhosted.org"..., 1024) = 1024
205352 read(13</tmp/.tmpmEGCj6/torch-versions/.torch-install-7wxeFc/runtime/offline-selection/projection.json>, "e8c826ea59f74ea96081d7553a084c4a"..., 2048) = 1863
205352 read(13</tmp/.tmpmEGCj6/torch-versions/.torch-install-7wxeFc/runtime/offline-selection/projection.json>, "", 185) = 0
205378 read(4</tmp/.tmpmEGCj6/torch-versions/.torch-install-7wxeFc/runtime/offline-selection/projection.json>, "{\"candidates\":[{\"eligible\":true,"..., 2097152) = 3911
205378 read(4</tmp/.tmpmEGCj6/torch-versions/.torch-install-7wxeFc/runtime/offline-selection/projection.json>, "", 2093056) = 0
205352 read(13</tmp/.tmpmEGCj6/torch-versions/.torch-install-7wxeFc/runtime/offline-selection/projection.json>, "XXXXXXXXXXXXXXXXXXXXXXXXXXXXXXXX"..., 3911) = 3911
205352 read(13</tmp/.tmpmEGCj6/torch-versions/.torch-install-7wxeFc/runtime/offline-selection/projection.json>, "", 32) = 0
205346 read(13</tmp/.tmpmEGCj6/torch-versions/.torch-install-7wxeFc/runtime/offline-selection/projection.json>, "XXXXXXXXXXXXXXXXXXXXXXXXXXXXXXXX"..., 3911) = 3911
205346 read(13</tmp/.tmpmEGCj6/torch-versions/.torch-install-7wxeFc/runtime/offline-selection/projection.json>, "", 32) = 0
205352 read(13</tmp/.tmpFNNQW1/torch-versions/.torch-install-ITH5tL/runtime/offline-selection/roots.in>, "torch==2.14.0+cpu\n", 32) = 18
205352 read(13</tmp/.tmpFNNQW1/torch-versions/.torch-install-ITH5tL/runtime/offline-selection/roots.in>, "", 32) = 0
205391 read(11</tmp/.tmpFNNQW1/torch-versions/.torch-install-ITH5tL/runtime/offline-selection/roots.in>, "torch==2.14.0+cpu\n", 32) = 18
205391 read(11</tmp/.tmpFNNQW1/torch-versions/.torch-install-ITH5tL/runtime/offline-selection/roots.in>, "", 32) = 0
205401 read(4</tmp/.tmpFNNQW1/torch-versions/.torch-install-ITH5tL/runtime/offline-selection/roots.in>, "torch==2.14.0+cpu\n", 2097152) = 18
205401 read(4</tmp/.tmpFNNQW1/torch-versions/.torch-install-ITH5tL/runtime/offline-selection/roots.in>, "", 2093056) = 0
205352 read(13</tmp/.tmpFNNQW1/torch-versions/.torch-install-ITH5tL/runtime/offline-selection/roots.in>, "XXXXXXXXXXXXXXXXXX", 18) = 18
205352 read(13</tmp/.tmpFNNQW1/torch-versions/.torch-install-ITH5tL/runtime/offline-selection/roots.in>, "", 32) = 0
205346 read(13</tmp/.tmpFNNQW1/torch-versions/.torch-install-ITH5tL/runtime/offline-selection/roots.in>, "XXXXXXXXXXXXXXXXXX", 18) = 18
205346 read(13</tmp/.tmpFNNQW1/torch-versions/.torch-install-ITH5tL/runtime/offline-selection/roots.in>, "", 32) = 0
205352 read(13</tmp/.tmpWNMmoG/torch-versions/.torch-install-X5UyWi/runtime/offline-selection/constraints.in>, "\n", 32) = 1
205352 read(13</tmp/.tmpWNMmoG/torch-versions/.torch-install-X5UyWi/runtime/offline-selection/constraints.in>, "", 7) = 0
205414 read(11</tmp/.tmpWNMmoG/torch-versions/.torch-install-X5UyWi/runtime/offline-selection/constraints.in>, "\n", 32) = 1
205414 read(11</tmp/.tmpWNMmoG/torch-versions/.torch-install-X5UyWi/runtime/offline-selection/constraints.in>, "", 32) = 0
205422 read(4</tmp/.tmpWNMmoG/torch-versions/.torch-install-X5UyWi/runtime/offline-selection/constraints.in>, "\n", 2097152) = 1
205422 read(4</tmp/.tmpWNMmoG/torch-versions/.torch-install-X5UyWi/runtime/offline-selection/constraints.in>, "", 2097152) = 0
205352 read(13</tmp/.tmpWNMmoG/torch-versions/.torch-install-X5UyWi/runtime/offline-selection/constraints.in>, "X", 1) = 1
205352 read(13</tmp/.tmpWNMmoG/torch-versions/.torch-install-X5UyWi/runtime/offline-selection/constraints.in>, "", 32) = 0
205346 read(13</tmp/.tmpWNMmoG/torch-versions/.torch-install-X5UyWi/runtime/offline-selection/constraints.in>, "X", 1) = 1
205346 read(13</tmp/.tmpWNMmoG/torch-versions/.torch-install-X5UyWi/runtime/offline-selection/constraints.in>, "", 32) = 0
