205560 read(13</tmp/.tmp2v1JDG/torch-versions/.torch-install-D3fe9T/runtime/offline-selection/projection.json>, "{\"candidates\":[{\"eligible\":true,", 32) = 32
205560 read(13</tmp/.tmp2v1JDG/torch-versions/.torch-install-D3fe9T/runtime/offline-selection/projection.json>, "\"filename\":\"torch-2.14.0+cpu-py3", 32) = 32
205560 read(13</tmp/.tmp2v1JDG/torch-versions/.torch-install-D3fe9T/runtime/offline-selection/projection.json>, "-none-any.whl\",\"id\":\"ced25f8ce26"..., 64) = 64
205560 read(13</tmp/.tmp2v1JDG/torch-versions/.torch-install-D3fe9T/runtime/offline-selection/projection.json>, "3ff4a5bd3c7aa0c74cf4b\",\"local\":\""..., 128) = 128
205560 read(13</tmp/.tmp2v1JDG/torch-versions/.torch-install-D3fe9T/runtime/offline-selection/projection.json>, "63ff4a5bd3c7aa0c74cf4b/torch-2.1"..., 256) = 256
205560 read(13</tmp/.tmp2v1JDG/torch-versions/.torch-install-D3fe9T/runtime/offline-selection/projection.json>, "orch-2.14.0+cpu-py3-none-any.whl"..., 512) = 512
205560 read(13</tmp/.tmp2v1JDG/torch-versions/.torch-install-D3fe9T/runtime/offline-selection/projection.json>, ":\"https://files.pythonhosted.org"..., 1024) = 1024
205560 read(13</tmp/.tmp2v1JDG/torch-versions/.torch-install-D3fe9T/runtime/offline-selection/projection.json>, "53230e38829957c81184dd997bbe3753"..., 2048) = 1863
205560 read(13</tmp/.tmp2v1JDG/torch-versions/.torch-install-D3fe9T/runtime/offline-selection/projection.json>, "", 185) = 0
205560 read(13</tmp/.tmp2v1JDG/torch-versions/.torch-install-D3fe9T/runtime/offline-selection/projection.json>, "{\"candidates\":[{\"eligible\":true,", 32) = 32
205560 read(13</tmp/.tmp2v1JDG/torch-versions/.torch-install-D3fe9T/runtime/offline-selection/projection.json>, "\"filename\":\"torch-2.14.0+cpu-py3", 32) = 32
205560 read(13</tmp/.tmp2v1JDG/torch-versions/.torch-install-D3fe9T/runtime/offline-selection/projection.json>, "-none-any.whl\",\"id\":\"ced25f8ce26"..., 64) = 64
205560 read(13</tmp/.tmp2v1JDG/torch-versions/.torch-install-D3fe9T/runtime/offline-selection/projection.json>, "3ff4a5bd3c7aa0c74cf4b\",\"local\":\""..., 128) = 128
205560 read(13</tmp/.tmp2v1JDG/torch-versions/.torch-install-D3fe9T/runtime/offline-selection/projection.json>, "63ff4a5bd3c7aa0c74cf4b/torch-2.1"..., 256) = 256
205560 read(13</tmp/.tmp2v1JDG/torch-versions/.torch-install-D3fe9T/runtime/offline-selection/projection.json>, "orch-2.14.0+cpu-py3-none-any.whl"..., 512) = 512
205560 read(13</tmp/.tmp2v1JDG/torch-versions/.torch-install-D3fe9T/runtime/offline-selection/projection.json>, ":\"https://files.pythonhosted.org"..., 1024) = 1024
205560 read(13</tmp/.tmp2v1JDG/torch-versions/.torch-install-D3fe9T/runtime/offline-selection/projection.json>, "53230e38829957c81184dd997bbe3753"..., 2048) = 1863
205560 read(13</tmp/.tmp2v1JDG/torch-versions/.torch-install-D3fe9T/runtime/offline-selection/projection.json>, "", 185) = 0
205607 read(4</tmp/.tmp2v1JDG/torch-versions/.torch-install-D3fe9T/runtime/offline-selection/projection.json>, "{\"candidates\":[{\"eligible\":true,"..., 2097152) = 3911
205607 read(4</tmp/.tmp2v1JDG/torch-versions/.torch-install-D3fe9T/runtime/offline-selection/projection.json>, "", 2093056) = 0
205560 read(13</tmp/.tmpDxnk6Y/torch-versions/.torch-install-Mo4W9j/runtime/offline-selection/roots.in>, "torch==2.14.0+cpu\n", 32) = 18
205560 read(13</tmp/.tmpDxnk6Y/torch-versions/.torch-install-Mo4W9j/runtime/offline-selection/roots.in>, "", 32) = 0
205665 read(11</tmp/.tmpDxnk6Y/torch-versions/.torch-install-Mo4W9j/runtime/offline-selection/roots.in>, "torch==2.14.0+cpu\n", 32) = 18
205665 read(11</tmp/.tmpDxnk6Y/torch-versions/.torch-install-Mo4W9j/runtime/offline-selection/roots.in>, "", 32) = 0
205673 read(4</tmp/.tmpDxnk6Y/torch-versions/.torch-install-Mo4W9j/runtime/offline-selection/roots.in>, "torch==2.14.0+cpu\n", 2097152) = 18
205673 read(4</tmp/.tmpDxnk6Y/torch-versions/.torch-install-Mo4W9j/runtime/offline-selection/roots.in>, "", 2093056) = 0
205660 read(13</tmp/.tmpKumUHe/torch-versions/.torch-install-qfzj18/runtime/offline-selection/constraints.in>, "\n", 32) = 1
205660 read(13</tmp/.tmpKumUHe/torch-versions/.torch-install-qfzj18/runtime/offline-selection/constraints.in>, "", 7) = 0
205686 read(11</tmp/.tmpKumUHe/torch-versions/.torch-install-qfzj18/runtime/offline-selection/constraints.in>, "\n", 32) = 1
205686 read(11</tmp/.tmpKumUHe/torch-versions/.torch-install-qfzj18/runtime/offline-selection/constraints.in>, "", 32) = 0
205697 read(4</tmp/.tmpKumUHe/torch-versions/.torch-install-qfzj18/runtime/offline-selection/constraints.in>, "\n", 2097152) = 1
205697 read(4</tmp/.tmpKumUHe/torch-versions/.torch-install-qfzj18/runtime/offline-selection/constraints.in>, "", 2097152) = 0
