test_embedded_image_text_startup_imports_only_installed_local_modules (test_embedded_runtime_imports.EmbeddedRuntimeImportTests.test_embedded_image_text_startup_imports_only_installed_local_modules) ... ERROR
test_missing_binding_cannot_fall_back_to_repository_pythonpath (test_embedded_runtime_imports.EmbeddedRuntimeImportTests.test_missing_binding_cannot_fall_back_to_repository_pythonpath) ... ERROR

======================================================================
ERROR: test_embedded_image_text_startup_imports_only_installed_local_modules (test_embedded_runtime_imports.EmbeddedRuntimeImportTests.test_embedded_image_text_startup_imports_only_installed_local_modules)
----------------------------------------------------------------------
Traceback (most recent call last):
  File "/workspace/Pumas-Library/torch-server/tests/test_embedded_runtime_imports.py", line 102, in test_embedded_image_text_startup_imports_only_installed_local_modules
    self.stage(root)
  File "/workspace/Pumas-Library/torch-server/tests/test_embedded_runtime_imports.py", line 94, in stage
    for name, source in self.embedded_python_sources().items():
                        ^^^^^^^^^^^^^^^^^^^^^^^^^^^^^^
  File "/workspace/Pumas-Library/torch-server/tests/test_embedded_runtime_imports.py", line 63, in embedded_python_sources
    table = source.split("for (name, contents) in [", 1)[1].split("    ] {", 1)[0]
            ~~~~~~~~~~~~~~~~~~~~~~~~~~~~~~~~~~~~~~~~~~~~^^^
IndexError: list index out of range

======================================================================
ERROR: test_missing_binding_cannot_fall_back_to_repository_pythonpath (test_embedded_runtime_imports.EmbeddedRuntimeImportTests.test_missing_binding_cannot_fall_back_to_repository_pythonpath)
----------------------------------------------------------------------
Traceback (most recent call last):
  File "/workspace/Pumas-Library/torch-server/tests/test_embedded_runtime_imports.py", line 110, in test_missing_binding_cannot_fall_back_to_repository_pythonpath
    self.stage(root)
  File "/workspace/Pumas-Library/torch-server/tests/test_embedded_runtime_imports.py", line 94, in stage
    for name, source in self.embedded_python_sources().items():
                        ^^^^^^^^^^^^^^^^^^^^^^^^^^^^^^
  File "/workspace/Pumas-Library/torch-server/tests/test_embedded_runtime_imports.py", line 63, in embedded_python_sources
    table = source.split("for (name, contents) in [", 1)[1].split("    ] {", 1)[0]
            ~~~~~~~~~~~~~~~~~~~~~~~~~~~~~~~~~~~~~~~~~~~~^^^
IndexError: list index out of range

----------------------------------------------------------------------
Ran 2 tests in 0.002s

FAILED (errors=2)
