test_actual_dist_info_wrong_name_version_or_nested_path_refuses (test_wheel_catalog_owner.CatalogTests.test_actual_dist_info_wrong_name_version_or_nested_path_refuses) ... ok
test_actual_python_metadata_overrides_optional_index_hint (test_wheel_catalog_owner.CatalogTests.test_actual_python_metadata_overrides_optional_index_hint) ... ok
test_actual_wheel_tags_identity_and_unsafe_namespace_refuse (test_wheel_catalog_owner.CatalogTests.test_actual_wheel_tags_identity_and_unsafe_namespace_refuse) ... ok
test_changed_target_plan_bytes_namespace_and_new_upstream_do_not_renew_scope (test_wheel_catalog_owner.CatalogTests.test_changed_target_plan_bytes_namespace_and_new_upstream_do_not_renew_scope) ... ok
test_cli_errors_redact_untrusted_input_and_never_use_legacy_exit_codes (test_wheel_catalog_owner.CatalogTests.test_cli_errors_redact_untrusted_input_and_never_use_legacy_exit_codes) ... ok
test_duplicate_protocol_fields_and_pagination_cannot_assert_complete (test_wheel_catalog_owner.CatalogTests.test_duplicate_protocol_fields_and_pagination_cannot_assert_complete) ... ok
test_full_alternative_ranges_late_extras_markers_cycle_reach_fixed_point (test_wheel_catalog_owner.CatalogTests.test_full_alternative_ranges_late_extras_markers_cycle_reach_fixed_point) ... ok
test_inactive_dependency_url_refuses_actual_metadata (test_wheel_catalog_owner.CatalogTests.test_inactive_dependency_url_refuses_actual_metadata) ... ok
test_incompatible_filename_excluded_and_exact_output_budget_refuses (test_wheel_catalog_owner.CatalogTests.test_incompatible_filename_excluded_and_exact_output_budget_refuses) ... ok
test_missing_size_and_budget_overflow_cannot_complete (test_wheel_catalog_owner.CatalogTests.test_missing_size_and_budget_overflow_cannot_complete) ... ok
test_normalized_dist_info_identity_allows_legacy_name_and_equivalent_version (test_wheel_catalog_owner.CatalogTests.test_normalized_dist_info_identity_allows_legacy_name_and_equivalent_version) ... ok
test_omitted_dependency_or_repository_never_completes (test_wheel_catalog_owner.CatalogTests.test_omitted_dependency_or_repository_never_completes) ... ok
test_optional_index_python_hint_contradicting_actual_metadata_refuses (test_wheel_catalog_owner.CatalogTests.test_optional_index_python_hint_contradicting_actual_metadata_refuses) ... ok
test_original_explicit_constraints_filter_without_narrowing_alternatives (test_wheel_catalog_owner.CatalogTests.test_original_explicit_constraints_filter_without_narrowing_alternatives) ... ok
test_same_filename_versions_are_separate_exact_direct_identity (test_wheel_catalog_owner.CatalogTests.test_same_filename_versions_are_separate_exact_direct_identity) ... ok
test_sdist_or_vcs_root_refuses_and_sdist_row_never_fetches (test_wheel_catalog_owner.CatalogTests.test_sdist_or_vcs_root_refuses_and_sdist_row_never_fetches) ... ok
test_second_repository_failure_refuses_even_with_usable_first (test_wheel_catalog_owner.CatalogTests.test_second_repository_failure_refuses_even_with_usable_first) ... ok
test_second_request_uses_own_release_and_build (test_wheel_catalog_owner.CatalogTests.test_second_request_uses_own_release_and_build) ... ok
test_simple_json_11_through_13_cannot_omit_versions (test_wheel_catalog_owner.CatalogTests.test_simple_json_11_through_13_cannot_omit_versions) ... ok
test_simple_json_conformant_10_through_13_versions_lists (test_wheel_catalog_owner.CatalogTests.test_simple_json_conformant_10_through_13_versions_lists) ... ok
test_simple_versions_collection_and_wheel_association_are_checked (test_wheel_catalog_owner.CatalogTests.test_simple_versions_collection_and_wheel_association_are_checked) ... ok
test_source_redirect_tracking_and_credential_urls_refuse_before_body (test_wheel_catalog_owner.CatalogTests.test_source_redirect_tracking_and_credential_urls_refuse_before_body) ... ok
test_typed_404_absence_is_evidence_never_fallback_signal (test_wheel_catalog_owner.CatalogTests.test_typed_404_absence_is_evidence_never_fallback_signal) ... ok
test_yanked_prerelease_rows_retained_without_solver_policy_decision (test_wheel_catalog_owner.CatalogTests.test_yanked_prerelease_rows_retained_without_solver_policy_decision) ... ok
test_zip_member_expansion_edges_and_deadline_overflow_are_incomplete (test_wheel_catalog_owner.CatalogTests.test_zip_member_expansion_edges_and_deadline_overflow_are_incomplete) ... ok

----------------------------------------------------------------------
Ran 25 tests in 5.386s

OK
