test_all_distribution_versions_include_packages_outside_lock (test_probe_runtime.AdapterImportProbeTests.test_all_distribution_versions_include_packages_outside_lock) ... ok
test_core_failure_is_reported_even_if_optional_adapter_unavailable (test_probe_runtime.AdapterImportProbeTests.test_core_failure_is_reported_even_if_optional_adapter_unavailable) ... ok
test_device_failure_is_scoped (test_probe_runtime.AdapterImportProbeTests.test_device_failure_is_scoped) ... ok
test_driver_query_is_bounded_and_normalized (test_probe_runtime.AdapterImportProbeTests.test_driver_query_is_bounded_and_normalized) ... ok
test_imports_do_not_claim_model_execution (test_probe_runtime.AdapterImportProbeTests.test_imports_do_not_claim_model_execution) ... ok
test_missing_adapter_is_scoped_to_its_feature (test_probe_runtime.AdapterImportProbeTests.test_missing_adapter_is_scoped_to_its_feature) ... ok
test_runtime_hashes_track_files_and_skip_venv_and_symlinks (test_probe_runtime.AdapterImportProbeTests.test_runtime_hashes_track_files_and_skip_venv_and_symlinks) ... ok
test_selected_adapter_failure_is_partial_with_passing_core (test_probe_runtime.AdapterImportProbeTests.test_selected_adapter_failure_is_partial_with_passing_core) ... ok
test_explicit_profile_records_its_actual_digest_without_resolution_file (test_probe_runtime.SelectedProfileTests.test_explicit_profile_records_its_actual_digest_without_resolution_file) ... ok
test_linked_profile_refuses_even_when_contents_have_supported_schema (test_probe_runtime.SelectedProfileTests.test_linked_profile_refuses_even_when_contents_have_supported_schema) ... ok
test_wrong_schema_and_oversized_profile_refuse_before_importing_torch (test_probe_runtime.SelectedProfileTests.test_wrong_schema_and_oversized_profile_refuse_before_importing_torch) ... ok
test_actual_exact_subset_install_original_direct_root_extra_report_record_and_no_ip_traffic (test_consume_selected_wheels.SelectedConsumerTests.test_actual_exact_subset_install_original_direct_root_extra_report_record_and_no_ip_traffic) ... Processing /tmp/tmp1dj93hcd/wheels/0e36c9aaf38492d8c9526be21b54a9ef811b4c5548c27bf312f1cb56c0823168/leaf-1-py3-none-any.whl (from -r /tmp/tmp1dj93hcd/proof/local-requirements.txt (line 1))
Processing /tmp/tmp1dj93hcd/wheels/069379457f53813bf02eba28ec04a6d161fada658952fe122a9c1ce8b67ac9e3/torch-2.14.0+cpu-py3-none-any.whl (from -r /tmp/tmp1dj93hcd/proof/local-requirements.txt (line 2))
Installing collected packages: torch, leaf

Successfully installed leaf-1 torch-2.14.0+cpu
ok
test_actual_report_target_url_hash_version_duplicate_and_member_mutations_refuse (test_consume_selected_wheels.SelectedConsumerTests.test_actual_report_target_url_hash_version_duplicate_and_member_mutations_refuse) ... Processing /tmp/tmpsa4sf2ij/wheels/13930afc9df2934b0d1921eeda91bd7790603e8449317d9e88ca9705973e8315/leaf-1-py3-none-any.whl (from -r /tmp/tmpsa4sf2ij/proof/local-requirements.txt (line 1))
Processing /tmp/tmpsa4sf2ij/wheels/b9568435507b4c9206370f9a1cdf1e58f2041fda1f499b09099e989091507152/torch-2.14.0+cpu-py3-none-any.whl (from -r /tmp/tmpsa4sf2ij/proof/local-requirements.txt (line 2))
Installing collected packages: torch, leaf

Successfully installed leaf-1 torch-2.14.0+cpu
ok
test_changed_original_producer_and_lock_refuse_before_install (test_consume_selected_wheels.SelectedConsumerTests.test_changed_original_producer_and_lock_refuse_before_install) ... ok
test_root_extra_missing_actual_dependency_refuses_before_pip (test_consume_selected_wheels.SelectedConsumerTests.test_root_extra_missing_actual_dependency_refuses_before_pip) ... ok
test_selected_packet_extras_subset_local_path_and_source_cannot_be_substituted (test_consume_selected_wheels.SelectedConsumerTests.test_selected_packet_extras_subset_local_path_and_source_cannot_be_substituted) ... ok
test_actual_selection_and_extras_closure (test_offline_wheel_selection.SelectionTests.test_actual_selection_and_extras_closure) ... ok
test_ambiguous_public_lock_files_refuse (test_offline_wheel_selection.SelectionTests.test_ambiguous_public_lock_files_refuse) ... ok
test_changed_catalog_and_acquired_bytes_refuse (test_offline_wheel_selection.SelectionTests.test_changed_catalog_and_acquired_bytes_refuse) ... ok
test_changed_target_or_executable_binding_refuses (test_offline_wheel_selection.SelectionTests.test_changed_target_or_executable_binding_refuses) ... ok
test_exact_direct_root_preserves_identity_before_coalescing (test_offline_wheel_selection.SelectionTests.test_exact_direct_root_preserves_identity_before_coalescing) ... ok
test_inactive_actual_metadata_unprojectable_marker_refuses (test_offline_wheel_selection.SelectionTests.test_inactive_actual_metadata_unprojectable_marker_refuses) ... ok
test_inactive_row_cannot_add_remote_source (test_offline_wheel_selection.SelectionTests.test_inactive_row_cannot_add_remote_source) ... ok
test_incomplete_coverage_refuses_before_solver (test_offline_wheel_selection.SelectionTests.test_incomplete_coverage_refuses_before_solver) ... ok
test_late_extras_and_cycles_reach_checked_fixed_point (test_offline_wheel_selection.SelectionTests.test_late_extras_and_cycles_reach_checked_fixed_point) ... ok
test_local_hash_and_source_substitution_refuse (test_offline_wheel_selection.SelectionTests.test_local_hash_and_source_substitution_refuse) ... ok
test_lock_python_and_unprojectable_markers_refuse (test_offline_wheel_selection.SelectionTests.test_lock_python_and_unprojectable_markers_refuse) ... ok
test_missing_extra_closure_and_unrelated_member_refuse (test_offline_wheel_selection.SelectionTests.test_missing_extra_closure_and_unrelated_member_refuse) ... ok
test_original_constraint_rechecked (test_offline_wheel_selection.SelectionTests.test_original_constraint_rechecked) ... ok
test_real_native_target_without_exact_projection_refuses (test_offline_wheel_selection.SelectionTests.test_real_native_target_without_exact_projection_refuses) ... ok
test_real_public_uv_isolated_selection_and_resolver_errors (test_offline_wheel_selection.SelectionTests.test_real_public_uv_isolated_selection_and_resolver_errors) ... ok
test_same_version_file_choice_is_not_new_authority (test_offline_wheel_selection.SelectionTests.test_same_version_file_choice_is_not_new_authority) ... ok
test_selected_version_requirement_rechecked (test_offline_wheel_selection.SelectionTests.test_selected_version_requirement_rechecked) ... ok
test_undeclared_requested_extra_refuses (test_offline_wheel_selection.SelectionTests.test_undeclared_requested_extra_refuses) ... ok
test_unknown_schema_sources_and_duplicate_packages_refuse (test_offline_wheel_selection.SelectionTests.test_unknown_schema_sources_and_duplicate_packages_refuse) ... ok
test_unsupported_projection_and_inactive_dependency_marker_refuse (test_offline_wheel_selection.SelectionTests.test_unsupported_projection_and_inactive_dependency_marker_refuse) ... ok
test_yanked_policy_not_silently_lost (test_offline_wheel_selection.SelectionTests.test_yanked_policy_not_silently_lost) ... ok
test_actual_dist_info_wrong_name_version_or_nested_path_refuses (test_wheel_catalog_owner.CatalogTests.test_actual_dist_info_wrong_name_version_or_nested_path_refuses) ... ok
test_actual_python_metadata_overrides_optional_index_hint (test_wheel_catalog_owner.CatalogTests.test_actual_python_metadata_overrides_optional_index_hint) ... ok
test_actual_wheel_tags_identity_and_unsafe_namespace_refuse (test_wheel_catalog_owner.CatalogTests.test_actual_wheel_tags_identity_and_unsafe_namespace_refuse) ... ok
test_additional_dist_info_root_without_metadata_cannot_hide_second_identity (test_wheel_catalog_owner.CatalogTests.test_additional_dist_info_root_without_metadata_cannot_hide_second_identity) ... ok
test_api_11_requires_size_even_for_excluded_non_wheel_rows (test_wheel_catalog_owner.CatalogTests.test_api_11_requires_size_even_for_excluded_non_wheel_rows) ... ok
test_changed_target_plan_bytes_namespace_and_new_upstream_do_not_renew_scope (test_wheel_catalog_owner.CatalogTests.test_changed_target_plan_bytes_namespace_and_new_upstream_do_not_renew_scope) ... ok
test_cli_errors_redact_untrusted_input_and_never_use_legacy_exit_codes (test_wheel_catalog_owner.CatalogTests.test_cli_errors_redact_untrusted_input_and_never_use_legacy_exit_codes) ... ok
test_duplicate_protocol_fields_and_pagination_cannot_assert_complete (test_wheel_catalog_owner.CatalogTests.test_duplicate_protocol_fields_and_pagination_cannot_assert_complete) ... ok
test_full_alternative_ranges_late_extras_markers_cycle_reach_fixed_point (test_wheel_catalog_owner.CatalogTests.test_full_alternative_ranges_late_extras_markers_cycle_reach_fixed_point) ... ok
test_inactive_dependency_url_refuses_actual_metadata (test_wheel_catalog_owner.CatalogTests.test_inactive_dependency_url_refuses_actual_metadata) ... ok
test_incompatible_filename_excluded_and_exact_output_budget_refuses (test_wheel_catalog_owner.CatalogTests.test_incompatible_filename_excluded_and_exact_output_budget_refuses) ... ok
test_missing_size_and_budget_overflow_cannot_complete (test_wheel_catalog_owner.CatalogTests.test_missing_size_and_budget_overflow_cannot_complete) ... ok
test_normalized_dist_info_identity_allows_legacy_name_and_equivalent_version (test_wheel_catalog_owner.CatalogTests.test_normalized_dist_info_identity_allows_legacy_name_and_equivalent_version) ... ok
test_omitted_dependency_or_repository_never_completes (test_wheel_catalog_owner.CatalogTests.test_omitted_dependency_or_repository_never_completes) ... ok
test_optional_index_python_hint_contradicting_actual_metadata_refuses (test_wheel_catalog_owner.CatalogTests.test_optional_index_python_hint_contradicting_actual_metadata_refuses) ... ok
test_original_explicit_constraints_filter_without_narrowing_alternatives (test_wheel_catalog_owner.CatalogTests.test_original_explicit_constraints_filter_without_narrowing_alternatives) ... ok
test_same_filename_versions_are_separate_exact_direct_identity (test_wheel_catalog_owner.CatalogTests.test_same_filename_versions_are_separate_exact_direct_identity) ... ok
test_sdist_or_vcs_root_refuses_and_sdist_row_never_fetches (test_wheel_catalog_owner.CatalogTests.test_sdist_or_vcs_root_refuses_and_sdist_row_never_fetches) ... ok
test_second_repository_failure_refuses_even_with_usable_first (test_wheel_catalog_owner.CatalogTests.test_second_repository_failure_refuses_even_with_usable_first) ... ok
test_second_request_uses_own_release_and_build (test_wheel_catalog_owner.CatalogTests.test_second_request_uses_own_release_and_build) ... ok
test_simple_json_11_through_13_cannot_omit_versions (test_wheel_catalog_owner.CatalogTests.test_simple_json_11_through_13_cannot_omit_versions) ... ok
test_simple_json_conformant_10_through_13_versions_lists (test_wheel_catalog_owner.CatalogTests.test_simple_json_conformant_10_through_13_versions_lists) ... ok
test_simple_versions_collection_and_wheel_association_are_checked (test_wheel_catalog_owner.CatalogTests.test_simple_versions_collection_and_wheel_association_are_checked) ... ok
test_source_redirect_tracking_and_credential_urls_refuse_before_body (test_wheel_catalog_owner.CatalogTests.test_source_redirect_tracking_and_credential_urls_refuse_before_body) ... ok
test_typed_404_absence_is_evidence_never_fallback_signal (test_wheel_catalog_owner.CatalogTests.test_typed_404_absence_is_evidence_never_fallback_signal) ... ok
test_versions_association_uses_semantic_version_not_spelling (test_wheel_catalog_owner.CatalogTests.test_versions_association_uses_semantic_version_not_spelling) ... ok
test_yanked_prerelease_rows_retained_without_solver_policy_decision (test_wheel_catalog_owner.CatalogTests.test_yanked_prerelease_rows_retained_without_solver_policy_decision) ... ok
test_zip_member_expansion_edges_and_deadline_overflow_are_incomplete (test_wheel_catalog_owner.CatalogTests.test_zip_member_expansion_edges_and_deadline_overflow_are_incomplete) ... ok
test_actual_local_install_validates_an_explicit_native_target (test_wheel_target.TargetTests.test_actual_local_install_validates_an_explicit_native_target) ... Processing /tmp/tmpt5hc35sz/wheels/root_wheel-1.0-py3-none-any.whl (from -r /tmp/tmpt5hc35sz/proof/local-requirements.txt (line 1))
Installing collected packages: root-wheel
Successfully installed root-wheel-1.0
ok
test_cli_explicit_missing_or_foreign_target_refuses_before_pip (test_wheel_target.TargetTests.test_cli_explicit_missing_or_foreign_target_refuses_before_pip) ... Invalid or incomplete verified local wheel set
Invalid or incomplete verified local wheel set
Invalid or incomplete verified local wheel set
ok
test_complete_markers_and_tags_ignore_inspection_host (test_wheel_target.TargetTests.test_complete_markers_and_tags_ignore_inspection_host) ... ok
test_explicit_consumer_preflight_uses_full_target_markers (test_wheel_target.TargetTests.test_explicit_consumer_preflight_uses_full_target_markers) ... ok
test_foreign_explicit_target_cannot_install_in_native_consumer (test_wheel_target.TargetTests.test_foreign_explicit_target_cannot_install_in_native_consumer) ... ok
test_linux_libc_floors_aliases_and_foreign_wheels (test_wheel_target.TargetTests.test_linux_libc_floors_aliases_and_foreign_wheels) ... ok
test_macos_arm64_deployment_and_universal2 (test_wheel_target.TargetTests.test_macos_arm64_deployment_and_universal2) ... ok
test_native_capture_reuses_public_observed_target_tags (test_wheel_target.TargetTests.test_native_capture_reuses_public_observed_target_tags) ... ok
test_python_patch_specifiers_and_explicit_normal_abi (test_wheel_target.TargetTests.test_python_patch_specifiers_and_explicit_normal_abi) ... ok
test_unknown_incomplete_contradictory_targets_fail_closed (test_wheel_target.TargetTests.test_unknown_incomplete_contradictory_targets_fail_closed) ... ok
test_windows_debug_public_tags_refuse_even_when_normal_abi_is_supported (test_wheel_target.TargetTests.test_windows_debug_public_tags_refuse_even_when_normal_abi_is_supported) ... ok
test_wire_and_marker_data_cannot_mutate_validated_target (test_wheel_target.TargetTests.test_wire_and_marker_data_cannot_mutate_validated_target) ... ok
test_wow64_native_machine_cannot_admit_win_amd64_for_win32_python (test_wheel_target.TargetTests.test_wow64_native_machine_cannot_admit_win_amd64_for_win32_python) ... ok
test_absent_context_remains_explicit_legacy_consumption (test_target_observation.ObservationTests.test_absent_context_remains_explicit_legacy_consumption) ... ok
test_actual_selected_interpreter_observer_and_canonical_projection (test_target_observation.ObservationTests.test_actual_selected_interpreter_observer_and_canonical_projection) ... ok
test_approved_native_target_survives_provider_to_venv_handoff (test_target_observation.ObservationTests.test_approved_native_target_survives_provider_to_venv_handoff) ... ok
test_binding_preserves_artifact_identity_and_snapshots_approval (test_target_observation.ObservationTests.test_binding_preserves_artifact_identity_and_snapshots_approval) ... ok
test_changed_interpreter_bytes_or_packet_path_refuse_before_pip (test_target_observation.ObservationTests.test_changed_interpreter_bytes_or_packet_path_refuse_before_pip) ... Invalid or incomplete verified local wheel set
Invalid or incomplete verified local wheel set
ok
test_cli_supplied_invalid_observation_data_never_selects_legacy (test_target_observation.ObservationTests.test_cli_supplied_invalid_observation_data_never_selects_legacy) ... Invalid or incomplete verified local wheel set
Invalid or incomplete verified local wheel set
Invalid or incomplete verified local wheel set
Invalid or incomplete verified local wheel set
Invalid or incomplete verified local wheel set
Invalid or incomplete verified local wheel set
Invalid or incomplete verified local wheel set
Invalid or incomplete verified local wheel set
Invalid or incomplete verified local wheel set
Invalid or incomplete verified local wheel set
Invalid or incomplete verified local wheel set
Invalid or incomplete verified local wheel set
Invalid or incomplete verified local wheel set
Invalid or incomplete verified local wheel set
Invalid or incomplete verified local wheel set
Invalid or incomplete verified local wheel set
Invalid or incomplete verified local wheel set
Invalid or incomplete verified local wheel set
ok
test_cli_supplied_missing_observation_file_refuses_in_both_modes (test_target_observation.ObservationTests.test_cli_supplied_missing_observation_file_refuses_in_both_modes) ... Invalid or incomplete verified local wheel set
Invalid or incomplete verified local wheel set
ok
test_missing_null_or_removed_context_never_defaults_to_legacy (test_target_observation.ObservationTests.test_missing_null_or_removed_context_never_defaults_to_legacy) ... Invalid or incomplete verified local wheel set
Invalid or incomplete verified local wheel set
Invalid or incomplete verified local wheel set
Invalid or incomplete verified local wheel set
Invalid or incomplete verified local wheel set
Invalid or incomplete verified local wheel set
ok
test_observer_exclusive_owned_output_does_not_log_or_replace_evidence (test_target_observation.ObservationTests.test_observer_exclusive_owned_output_does_not_log_or_replace_evidence) ... ok
test_packet_cannot_replace_target_and_recompute_its_own_acceptance (test_target_observation.ObservationTests.test_packet_cannot_replace_target_and_recompute_its_own_acceptance) ... Invalid or incomplete verified local wheel set
ok
test_unsupported_or_incomplete_owner_context_refuses (test_target_observation.ObservationTests.test_unsupported_or_incomplete_owner_context_refuses) ... Invalid or incomplete verified local wheel set
Invalid or incomplete verified local wheel set
Invalid or incomplete verified local wheel set
Invalid or incomplete verified local wheel set
Invalid or incomplete verified local wheel set
ok
test_actual_dependent_wheels_install_with_exact_local_report_and_record_proof (test_install_verified_wheels.LocalWheelTests.test_actual_dependent_wheels_install_with_exact_local_report_and_record_proof) ... Processing /tmp/tmp16xyxfee/wheels/root_wheel-1.0-py3-none-any.whl (from -r /tmp/tmp16xyxfee/proof/local-requirements.txt (line 1))
Processing /tmp/tmp16xyxfee/wheels/dependency_wheel-1.0-py3-none-any.whl (from -r /tmp/tmp16xyxfee/proof/local-requirements.txt (line 2))
Installing collected packages: root-wheel, dependency-wheel

Successfully installed dependency-wheel-1.0 root-wheel-1.0
ok
test_actual_install_ignores_owned_local_hostile_requirements (test_install_verified_wheels.LocalWheelTests.test_actual_install_ignores_owned_local_hostile_requirements) ... Processing /tmp/tmp3g_rukjw/wheels/root_wheel-1.0-py3-none-any.whl (from -r /tmp/tmp3g_rukjw/proof/local-requirements.txt (line 1))
Installing collected packages: root-wheel
Successfully installed root-wheel-1.0
ok
test_actual_pip_report_must_have_supported_version (test_install_verified_wheels.LocalWheelTests.test_actual_pip_report_must_have_supported_version) ... Processing /tmp/tmp7dg4_67c/wheels/root_wheel-1.0-py3-none-any.whl (from -r /tmp/tmp7dg4_67c/proof/local-requirements.txt (line 1))
Installing collected packages: root-wheel
Successfully installed root-wheel-1.0
Processing /tmp/tmpnflcte6v/wheels/root_wheel-1.0-py3-none-any.whl (from -r /tmp/tmpnflcte6v/proof/local-requirements.txt (line 1))
Installing collected packages: root-wheel
Successfully installed root-wheel-1.0
Processing /tmp/tmpq95zra4n/wheels/root_wheel-1.0-py3-none-any.whl (from -r /tmp/tmpq95zra4n/proof/local-requirements.txt (line 1))
Installing collected packages: root-wheel
Successfully installed root-wheel-1.0
ok
test_alternate_same_name_version_bytes_refuse_before_pip (test_install_verified_wheels.LocalWheelTests.test_alternate_same_name_version_bytes_refuse_before_pip) ... ok
test_ambient_pip_configuration_cannot_add_requirements (test_install_verified_wheels.LocalWheelTests.test_ambient_pip_configuration_cannot_add_requirements) ... ok
test_distribution_canonicalization_accepts_existing_dotted_names (test_install_verified_wheels.LocalWheelTests.test_distribution_canonicalization_accepts_existing_dotted_names) ... ok
test_duplicate_distribution_refuses_before_pip (test_install_verified_wheels.LocalWheelTests.test_duplicate_distribution_refuses_before_pip) ... ok
test_extra_unselected_file_refuses_before_pip (test_install_verified_wheels.LocalWheelTests.test_extra_unselected_file_refuses_before_pip) ... ok
test_hidden_direct_url_dependency_refuses_before_pip (test_install_verified_wheels.LocalWheelTests.test_hidden_direct_url_dependency_refuses_before_pip) ... ok
test_inactive_direct_url_is_also_refused (test_install_verified_wheels.LocalWheelTests.test_inactive_direct_url_is_also_refused) ... ok
test_inactive_marker_does_not_require_a_missing_distribution (test_install_verified_wheels.LocalWheelTests.test_inactive_marker_does_not_require_a_missing_distribution) ... ok
test_linked_wheel_refuses_before_pip (test_install_verified_wheels.LocalWheelTests.test_linked_wheel_refuses_before_pip) ... ok
test_missing_required_closure_refuses_before_pip (test_install_verified_wheels.LocalWheelTests.test_missing_required_closure_refuses_before_pip) ... ok
test_missing_selected_file_refuses_before_pip (test_install_verified_wheels.LocalWheelTests.test_missing_selected_file_refuses_before_pip) ... ok
test_required_extra_must_be_provided (test_install_verified_wheels.LocalWheelTests.test_required_extra_must_be_provided) ... ok
test_selected_interpreter_rejects_incompatible_wheel_tags (test_install_verified_wheels.LocalWheelTests.test_selected_interpreter_rejects_incompatible_wheel_tags) ... ok
test_transitive_extras_require_the_full_activated_closure (test_install_verified_wheels.LocalWheelTests.test_transitive_extras_require_the_full_activated_closure) ... ok
test_wrong_dependency_version_refuses_before_pip (test_install_verified_wheels.LocalWheelTests.test_wrong_dependency_version_refuses_before_pip) ... ok
test_acquired_pin_hash_or_complete_set_difference_refuses_before_install (test_qualified_wheel_catalog.QualifiedCatalogTests.test_acquired_pin_hash_or_complete_set_difference_refuses_before_install) ... ok
test_actual_dependency_urls_even_inactive_refuse_without_pip_or_locator_diagnostic (test_qualified_wheel_catalog.QualifiedCatalogTests.test_actual_dependency_urls_even_inactive_refuse_without_pip_or_locator_diagnostic) ... ok
test_actual_metadata_identity_python_and_wheel_tags_refuse_before_install (test_qualified_wheel_catalog.QualifiedCatalogTests.test_actual_metadata_identity_python_and_wheel_tags_refuse_before_install) ... ok
test_ambiguous_approved_sources_refuse_without_selection_fallback (test_qualified_wheel_catalog.QualifiedCatalogTests.test_ambiguous_approved_sources_refuse_without_selection_fallback) ... ok
test_catalog_never_fetches_dependency_or_payload_urls (test_qualified_wheel_catalog.QualifiedCatalogTests.test_catalog_never_fetches_dependency_or_payload_urls) ... ok
test_catalog_retains_observed_snapshot_during_metadata_access (test_qualified_wheel_catalog.QualifiedCatalogTests.test_catalog_retains_observed_snapshot_during_metadata_access) ... ok
test_changed_acquired_bytes_refuse_before_public_pip (test_qualified_wheel_catalog.QualifiedCatalogTests.test_changed_acquired_bytes_refuse_before_public_pip) ... ok
test_changed_or_incomplete_observation_refuses_before_index_access (test_qualified_wheel_catalog.QualifiedCatalogTests.test_changed_or_incomplete_observation_refuses_before_index_access) ... ok
test_complete_named_catalog_and_actual_local_closure_with_extras_install (test_qualified_wheel_catalog.QualifiedCatalogTests.test_complete_named_catalog_and_actual_local_closure_with_extras_install) ... ok
test_direct_roots_preserve_fragment_digest_and_exact_source (test_qualified_wheel_catalog.QualifiedCatalogTests.test_direct_roots_preserve_fragment_digest_and_exact_source) ... ok
test_existing_recipe_is_finite_and_hash_pinned_without_network (test_qualified_wheel_catalog.QualifiedCatalogTests.test_existing_recipe_is_finite_and_hash_pinned_without_network) ... ok
test_explicit_catalog_preserves_priority_between_actual_approved_wheels (test_qualified_wheel_catalog.QualifiedCatalogTests.test_explicit_catalog_preserves_priority_between_actual_approved_wheels) ... ok
test_explicit_catalog_requires_python_uses_full_observed_patch (test_qualified_wheel_catalog.QualifiedCatalogTests.test_explicit_catalog_requires_python_uses_full_observed_patch) ... ok
test_legacy_noninstall_resolver_starts_without_copied_record_owner (test_qualified_wheel_catalog.QualifiedCatalogTests.test_legacy_noninstall_resolver_starts_without_copied_record_owner) ... ok
test_missing_active_extra_closure_refuses_even_when_recipe_set_is_complete (test_qualified_wheel_catalog.QualifiedCatalogTests.test_missing_active_extra_closure_refuses_even_when_recipe_set_is_complete) ... ok
test_owned_producer_catalog_consumer_preserves_recipe_sources_and_native_priority (test_qualified_wheel_catalog.QualifiedCatalogTests.test_owned_producer_catalog_consumer_preserves_recipe_sources_and_native_priority) ... ok
test_supplied_invalid_observation_cli_never_reaches_catalog_or_output (test_qualified_wheel_catalog.QualifiedCatalogTests.test_supplied_invalid_observation_cli_never_reaches_catalog_or_output) ... Qualified wheel catalog refused; no resolver or source fallback is permitted
Qualified wheel catalog refused; no resolver or source fallback is permitted
Qualified wheel catalog refused; no resolver or source fallback is permitted
Qualified wheel catalog refused; no resolver or source fallback is permitted
Qualified wheel catalog refused; no resolver or source fallback is permitted
Qualified wheel catalog refused; no resolver or source fallback is permitted
Qualified wheel catalog refused; no resolver or source fallback is permitted
ok
test_unsupported_lock_options_versions_extras_and_hashes_refuse_before_fetch (test_qualified_wheel_catalog.QualifiedCatalogTests.test_unsupported_lock_options_versions_extras_and_hashes_refuse_before_fetch) ... ok
test_wrong_hash_foreign_source_and_source_archives_never_enter_catalog (test_qualified_wheel_catalog.QualifiedCatalogTests.test_wrong_hash_foreign_source_and_source_archives_never_enter_catalog) ... ok

----------------------------------------------------------------------
Ran 126 tests in 57.569s

OK
