    Checking libc v0.2.180
    Checking cfg-if v1.0.4
    Checking once_cell v1.21.3
    Checking memchr v2.7.6
    Checking bytes v1.11.1
    Checking pin-project-lite v0.2.16
    Checking itoa v1.0.17
    Checking log v0.4.29
    Checking futures-core v0.3.31
    Checking serde_core v1.0.228
    Checking mio v1.1.1
    Checking errno v0.3.14
    Checking futures-sink v0.3.31
    Checking signal-hook-registry v1.4.8
    Checking socket2 v0.6.1
    Checking tokio v1.49.0
    Checking pin-utils v0.1.0
    Checking futures-io v0.3.31
    Checking slab v0.4.11
    Checking futures-channel v0.3.31
    Checking tracing-core v0.1.36
    Checking serde v1.0.228
    Checking http v1.4.0
    Checking futures-task v0.3.31
    Checking futures-util v0.3.31
    Checking tracing v0.1.44
    Checking bitflags v2.10.0
    Checking tokio-util v0.7.18
    Checking http-body v1.0.1
    Checking fnv v1.0.7
    Checking smallvec v1.15.1
    Checking either v1.15.0
   Compiling typenum v1.19.0
    Checking num-traits v0.2.19
    Checking ryu v1.0.22
    Checking http-body-util v0.1.3
    Checking zerocopy v0.8.33
    Checking getrandom v0.3.4
    Checking num-integer v0.1.46
    Checking zerofrom v0.1.6
    Checking http v0.2.12
    Checking powerfmt v0.2.1
    Checking deranged v0.5.8
    Checking time-core v0.1.9
    Checking vsimd v0.8.0
    Checking outref v0.5.2
    Checking stable_deref_trait v1.2.1
    Checking num-conv v0.2.2
    Checking yoke v0.8.1
    Checking base64-simd v0.8.0
    Checking http-body v0.4.6
    Checking time v0.3.55
    Checking bytes-utils v0.1.4
    Checking zeroize v1.8.2
    Checking percent-encoding v2.3.2
    Checking zerovec v0.11.5
    Checking crossbeam-utils v0.8.21
    Checking aws-smithy-types v1.5.0
    Checking aws-smithy-async v1.2.14
   Compiling aws-smithy-runtime-api-macros v1.0.0
    Checking hybrid-array v0.4.10
    Checking aws-smithy-runtime-api v1.12.3
    Checking allocator-api2 v0.2.21
    Checking foldhash v0.2.0
    Checking equivalent v1.0.2
   Compiling serde_json v1.0.149
    Checking hashbrown v0.16.1
    Checking zmij v1.0.16
    Checking cmov v0.5.4
    Checking ctutils v0.4.2
    Checking crc32fast v1.5.0
    Checking crypto-common v0.2.2
    Checking block-buffer v0.12.1
    Checking tinystr v0.8.2
    Checking writeable v0.6.2
    Checking litemap v0.8.1
    Checking const-oid v0.10.2
    Checking digest v0.11.3
    Checking icu_locale_core v2.1.1
    Checking ahash v0.8.12
    Checking potential_utf v0.1.4
    Checking zerotrie v0.2.3
    Checking linux-raw-sys v0.11.0
    Checking icu_provider v2.1.1
    Checking rustix v1.1.3
    Checking icu_collections v2.1.1
    Checking generic-array v0.14.7
    Checking indexmap v2.13.0
    Checking form_urlencoded v1.2.2
    Checking scopeguard v1.2.0
    Checking minimal-lexical v0.2.1
    Checking tower-service v0.3.3
    Checking nom v7.1.3
    Checking lock_api v0.4.14
    Checking crossbeam-epoch v0.9.20
    Checking icu_properties_data v2.1.2
    Checking icu_normalizer_data v2.1.1
    Checking hashbrown v0.14.5
    Checking aws-smithy-eventstream v0.60.21
    Checking ppv-lite86 v0.2.21
    Checking anyhow v1.0.103
    Checking foreign-types-shared v0.1.1
    Checking atomic-waker v1.1.2
    Checking try-lock v0.2.5
    Checking cpufeatures v0.3.1
    Checking ipnet v2.11.0
    Checking want v0.3.1
    Checking h2 v0.4.16
    Checking foreign-types v0.3.2
    Checking aws-smithy-http v0.63.6
    Checking icu_properties v2.1.2
    Checking icu_normalizer v2.1.1
    Checking crossbeam-deque v0.8.6
    Checking httparse v1.10.1
    Checking parking_lot_core v0.9.12
    Checking crypto-common v0.1.7
    Checking block-buffer v0.10.4
    Checking openssl-sys v0.9.111
    Checking aws-smithy-schema v0.1.0
   Compiling rustc_version v0.4.1
    Checking thiserror v1.0.69
    Checking camino v1.2.2
    Checking cargo-platform v0.1.9
    Checking semver v1.0.27
    Checking sync_wrapper v1.0.2
    Checking aho-corasick v1.1.4
    Checking regex-syntax v0.8.8
    Checking tower-layer v0.3.3
    Checking utf8parse v0.2.2
    Checking httpdate v1.0.3
    Checking hyper v1.8.1
    Checking regex-automata v0.4.13
    Checking anstyle-parse v0.2.7
    Checking openssl v0.10.75
    Checking cargo_metadata v0.15.4
   Compiling aws-types v1.3.16
    Checking digest v0.10.7
    Checking rayon-core v1.13.0
    Checking idna_adapter v1.2.1
    Checking sha2 v0.11.0
    Checking aws-credential-types v1.2.14
    Checking fs-err v2.11.0
    Checking getrandom v0.2.17
    Checking is_terminal_polyfill v1.70.2
    Checking anstyle-query v1.1.5
    Checking base64 v0.22.1
    Checking siphasher v0.3.11
    Checking hex v0.4.3
    Checking anstyle v1.0.13
    Checking utf8_iter v1.0.4
    Checking static_assertions v1.1.0
    Checking colorchoice v1.0.4
    Checking fastrand v2.3.0
    Checking openssl-probe v0.1.6
    Checking smawk v0.3.2
    Checking textwrap v0.16.2
    Checking native-tls v0.2.14
    Checking anstream v0.6.21
    Checking idna v1.1.0
    Checking hyper-util v0.1.19
    Checking uniffi_meta v0.28.3
    Checking rand_core v0.6.4
    Checking uniffi_testing v0.28.3
    Checking rayon v1.11.0
    Checking io-lifetimes v3.0.1
    Checking io-lifetimes v2.0.4
    Checking tower v0.5.3
    Checking zstd-sys v2.0.16+zstd.1.5.7
    Checking weedle2 v5.0.0
    Checking hmac v0.13.0
    Checking aws-smithy-observability v0.2.6
    Checking scroll v0.12.0
    Checking rand_core v0.9.5
    Checking plain v0.2.3
    Checking askama_escape v0.10.3
   Compiling ref-cast v1.0.25
    Checking simd-adler32 v0.3.8
    Checking rawpointer v0.2.1
    Checking strsim v0.11.1
    Checking clap_lex v0.7.7
    Checking spin v0.10.1
    Checking adler2 v2.0.1
    Checking mime v0.3.17
    Checking crc-fast v1.10.0
    Checking miniz_oxide v0.8.9
    Checking clap_builder v4.5.54
    Checking matrixmultiply v0.3.10
    Checking uniffi_udl v0.28.3
    Checking askama v0.12.1
    Checking goblin v0.8.2
    Checking thiserror v2.0.18
    Checking rand_chacha v0.9.0
    Checking aws-smithy-runtime v1.11.3
    Checking aws-sigv4 v1.4.5
    Checking zstd-safe v7.2.4
    Checking fs-set-times v0.20.3
    Checking io-extras v0.19.0
    Checking onig_sys v69.9.3
    Checking rand_chacha v0.3.1
    Checking url v2.5.8
    Checking tokio-native-tls v0.3.1
    Checking sha1 v0.11.0
    Checking rustix-linux-procfs v0.1.1
    Checking serde_urlencoded v0.7.1
    Checking castaway v0.2.4
    Checking md-5 v0.11.0
    Checking uuid v1.19.0
    Checking num-complex v0.4.6
    Checking itertools v0.14.0
    Checking raw-cpuid v11.6.0
    Checking async-compat v0.2.5
    Checking toml v0.5.11
    Checking inotify-sys v0.1.5
    Checking filetime v0.2.27
    Checking instant v0.1.13
   Compiling ref-cast-impl v1.0.25
   Compiling serde_derive_internals v0.29.1
    Checking unicode-segmentation v1.13.2
    Checking xmlparser v0.13.6
    Checking same-file v1.0.6
    Checking tinyvec_macros v0.1.1
    Checking cpufeatures v0.2.17
    Checking maybe-owned v0.3.4
    Checking iri-string v0.7.10
    Checking base64 v0.13.1
    Checking bitflags v1.3.2
    Checking heck v0.5.0
    Checking ambient-authority v0.0.2
    Checking glob v0.3.3
    Checking option-ext v0.2.0
    Checking dirs-sys v0.4.1
    Checking uniffi_bindgen v0.28.3
    Checking tower-http v0.6.8
    Checking cap-primitives v4.0.3
    Checking inotify v0.10.2
    Checking spm_precompiled v0.1.4
   Compiling schemars_derive v1.2.0
    Checking tinyvec v1.13.2
    Checking macro_rules_attribute v0.2.2
    Checking walkdir v2.5.0
    Checking aws-smithy-xml v0.60.15
    Checking monostate v0.1.18
    Checking notify-types v1.0.1
    Checking uniffi_core v0.28.3
    Checking quanta v0.12.6
    Checking rayon-cond v0.4.0
    Checking ndarray v0.17.2
    Checking aws-runtime v1.7.5
    Checking aws-smithy-checksums v0.64.8
    Checking compact_str v0.9.0
    Checking hyper-tls v0.6.0
    Checking rand v0.8.6
    Checking onig v6.5.3
    Checking derive_builder v0.20.2
    Checking zstd v0.13.3
    Checking nix v0.30.1
    Checking libsqlite3-sys v0.30.1
    Checking rand v0.9.3
    Checking clap v4.5.54
    Checking esaxx-rs v0.1.10
    Checking ort-sys v2.0.0-rc.12
    Checking portable-atomic v1.13.0
    Checking flate2 v1.1.8
    Checking regex v1.12.2
    Checking aws-smithy-json v0.62.7
    Checking dashmap v5.5.3
    Checking parking_lot v0.12.5
    Checking dashmap v6.1.0
    Checking hashlink v0.9.1
    Checking spinning_top v0.3.0
    Checking xattr v1.6.1
    Checking arc-swap v1.9.2
    Checking lru v0.16.4
    Checking crossbeam-channel v0.5.15
    Checking rustls-pki-types v1.14.0
    Checking half v2.7.1
    Checking futures-executor v0.3.31
    Checking unicode-normalization-alignments v0.1.12
    Checking dary_heap v0.3.9
    Checking libloading v0.9.0
    Checking encoding_rs v0.8.35
    Checking tagptr v0.2.0
    Checking futures-timer v3.0.3
    Checking fallible-streaming-iterator v0.1.9
    Checking regex-lite v0.1.9
    Checking constant_time_eq v0.4.2
    Checking daachorse v1.0.1
    Checking triomphe v0.1.15
    Checking iana-time-zone v0.1.64
    Checking arrayref v0.3.9
    Checking unicode_categories v0.1.1
    Checking nonzero_ext v0.3.0
    Checking dyn-clone v1.0.20
    Checking no-std-compat v0.4.1
    Checking fallible-iterator v0.3.0
    Checking arrayvec v0.7.6
    Checking blake3 v1.8.3
    Checking rusqlite v0.32.1
    Checking governor v0.7.0
    Checking schemars v1.2.0
    Checking tokenizers v0.23.1
    Checking chrono v0.4.43
    Checking mini-moka v0.10.3
    Checking reqwest v0.12.28
    Checking aws-sdk-s3 v1.137.0
    Checking ort v2.0.0-rc.12
    Checking futures v0.3.31
    Checking tar v0.4.45
    Checking uniffi v0.28.3
    Checking ctrlc v3.5.1
    Checking nix v0.29.0
    Checking notify v7.0.0
    Checking unicode-normalization v0.1.25
    Checking cap-std v4.0.3
    Checking dirs v5.0.1
    Checking sha2 v0.10.9
    Checking sysinfo v0.32.1
    Checking tempfile v3.24.0
    Checking fs2 v0.4.3
    Checking roxmltree v0.21.1
    Checking urlencoding v2.1.3
    Checking lazy_static v1.5.0
    Checking sharded-slab v0.1.7
    Checking matchers v0.2.0
    Checking tracing-log v0.2.0
    Checking thread_local v1.1.9
    Checking nu-ansi-term v0.50.3
    Checking tracing-subscriber v0.3.22
    Checking crc-catalog v2.4.0
    Checking crc v3.4.0
    Checking bzip2-sys v0.1.13+1.0.8
    Checking lzma-sys v0.1.20
    Checking byteorder v1.5.0
    Checking lzma-rs v0.3.0
    Checking pumas-library v0.7.0 (/workspace/pumas-selected-reconcile-fresh/rust/crates/pumas-core)
    Checking xz2 v0.1.7
    Checking bzip2 v0.5.2
    Checking deflate64 v0.1.10
    Checking zip v2.4.2
   Compiling uniffi_build v0.28.3
   Compiling pumas-uniffi v0.7.0 (/workspace/pumas-selected-reconcile-fresh/rust/crates/pumas-uniffi)
    Checking axum-core v0.4.5
    Checking serde_path_to_error v0.1.20
    Checking matchit v0.7.3
    Checking axum v0.7.9
    Checking pumas-app-manager v0.7.0 (/workspace/pumas-selected-reconcile-fresh/rust/crates/pumas-app-manager)
    Checking pumas-rpc v0.7.0 (/workspace/pumas-selected-reconcile-fresh/rust/crates/pumas-rpc)
    Finished `dev` profile [unoptimized] target(s) in 3m 13s
